Component: ARM Compiler 5.06 update 2 (build 183) Tool: armlink [4d35b7]

==============================================================================

Section Cross References

    main.o(i.PORTC_IRQHandler) refers to drivers.o(i.LED_On) for LED_On
    main.o(i.PORTC_IRQHandler) refers to drivers.o(i.LED_Off) for LED_Off
    main.o(i.PORTC_IRQHandler) refers to drivers.o(i.UART0_send) for UART0_send
    main.o(i.PORTC_IRQHandler) refers to main.o(.data) for count
    main.o(i.SysTick_Handler) refers to drivers.o(i.ADC0_Read) for ADC0_Read
    main.o(i.SysTick_Handler) refers to main.o(.data) for ticks
    main.o(i.SysTick_Handler) refers to main.o(.bss) for IM2_Buffer
    main.o(i.main) refers to drivers.o(i.Switch_Init) for Switch_Init
    main.o(i.main) refers to drivers.o(i.LED_Init) for LED_Init
    main.o(i.main) refers to drivers.o(i.Output_Init) for Output_Init
    main.o(i.main) refers to drivers.o(i.ADC0_Init) for ADC0_Init
    main.o(i.main) refers to drivers.o(i.UART0_Init) for UART0_Init
    main.o(i.main) refers to system_mk20d7.o(.data) for SystemCoreClock
    main.o(i.main) refers to main.o(.bss) for IM2_Buffer
    main.o(i.main) refers to main.o(.data) for mstate
    drivers.o(i.ADC0_Read) refers to drivers.o(.constdata) for channel2sc1a
    drivers.o(i.FTM0_Init) refers to drivers.o(i.__NVIC_EnableIRQ) for __NVIC_EnableIRQ
    drivers.o(i.Switch_Init) refers to drivers.o(i.__NVIC_EnableIRQ) for __NVIC_EnableIRQ
    drivers.o(i.UART0_Init) refers to drivers.o(i.__NVIC_EnableIRQ) for __NVIC_EnableIRQ
    drivers.o(i.UART0_putString) refers to drivers.o(i.UART0_send) for UART0_send
    drivers.o(i.UART2_putString) refers to drivers.o(i.UART2_send) for UART2_send
    startup_mk20d7.o(STACK) refers (Special) to heapauxi.o(.text) for __use_two_region_memory
    startup_mk20d7.o(HEAP) refers (Special) to heapauxi.o(.text) for __use_two_region_memory
    startup_mk20d7.o(RESET) refers (Special) to heapauxi.o(.text) for __use_two_region_memory
    startup_mk20d7.o(RESET) refers to startup_mk20d7.o(STACK) for __initial_sp
    startup_mk20d7.o(RESET) refers to startup_mk20d7.o(.text) for Reset_Handler
    startup_mk20d7.o(RESET) refers to main.o(i.SysTick_Handler) for SysTick_Handler
    startup_mk20d7.o(RESET) refers to main.o(i.UART0_RX_TX_IRQHandler) for UART0_RX_TX_IRQHandler
    startup_mk20d7.o(RESET) refers to main.o(i.FTM0_IRQHandler) for FTM0_IRQHandler
    startup_mk20d7.o(RESET) refers to main.o(i.PORTC_IRQHandler) for PORTC_IRQHandler
    startup_mk20d7.o(.ARM.__at_0x400) refers (Special) to heapauxi.o(.text) for __use_two_region_memory
    startup_mk20d7.o(.text) refers (Special) to heapauxi.o(.text) for __use_two_region_memory
    startup_mk20d7.o(.text) refers to system_mk20d7.o(i.SystemInit) for SystemInit
    startup_mk20d7.o(.text) refers to __main.o(!!!main) for __main
    startup_mk20d7.o(.text) refers to startup_mk20d7.o(HEAP) for Heap_Mem
    startup_mk20d7.o(.text) refers to startup_mk20d7.o(STACK) for Stack_Mem
    __main.o(!!!main) refers to __rtentry.o(.ARM.Collect$$rtentry$$00000000) for __rt_entry
    __rtentry.o(.ARM.Collect$$rtentry$$00000000) refers (Special) to __rtentry2.o(.ARM.Collect$$rtentry$$0000000A) for __rt_entry_li
    __rtentry.o(.ARM.Collect$$rtentry$$00000000) refers (Special) to __rtentry2.o(.ARM.Collect$$rtentry$$0000000D) for __rt_entry_main
    __rtentry.o(.ARM.Collect$$rtentry$$00000000) refers (Special) to __rtentry2.o(.ARM.Collect$$rtentry$$0000000C) for __rt_entry_postli_1
    __rtentry.o(.ARM.Collect$$rtentry$$00000000) refers (Special) to __rtentry2.o(.ARM.Collect$$rtentry$$00000009) for __rt_entry_postsh_1
    __rtentry.o(.ARM.Collect$$rtentry$$00000000) refers (Special) to __rtentry2.o(.ARM.Collect$$rtentry$$00000002) for __rt_entry_presh_1
    __rtentry.o(.ARM.Collect$$rtentry$$00000000) refers (Special) to __rtentry4.o(.ARM.Collect$$rtentry$$00000004) for __rt_entry_sh
    __rtentry2.o(.ARM.Collect$$rtentry$$00000008) refers to boardinit2.o(.text) for _platform_post_stackheap_init
    __rtentry2.o(.ARM.Collect$$rtentry$$0000000A) refers to libinit.o(.ARM.Collect$$libinit$$00000000) for __rt_lib_init
    __rtentry2.o(.ARM.Collect$$rtentry$$0000000B) refers to boardinit3.o(.text) for _platform_post_lib_init
    __rtentry2.o(.ARM.Collect$$rtentry$$0000000D) refers to main.o(i.main) for main
    __rtentry2.o(.ARM.Collect$$rtentry$$0000000D) refers to exit.o(.text) for exit
    __rtentry2.o(.ARM.exidx) refers to __rtentry2.o(.ARM.Collect$$rtentry$$00000001) for .ARM.Collect$$rtentry$$00000001
    __rtentry2.o(.ARM.exidx) refers to __rtentry2.o(.ARM.Collect$$rtentry$$00000008) for .ARM.Collect$$rtentry$$00000008
    __rtentry2.o(.ARM.exidx) refers to __rtentry2.o(.ARM.Collect$$rtentry$$0000000A) for .ARM.Collect$$rtentry$$0000000A
    __rtentry2.o(.ARM.exidx) refers to __rtentry2.o(.ARM.Collect$$rtentry$$0000000B) for .ARM.Collect$$rtentry$$0000000B
    __rtentry2.o(.ARM.exidx) refers to __rtentry2.o(.ARM.Collect$$rtentry$$0000000D) for .ARM.Collect$$rtentry$$0000000D
    __rtentry4.o(.ARM.Collect$$rtentry$$00000004) refers to sys_stackheap_outer.o(.text) for __user_setup_stackheap
    __rtentry4.o(.ARM.exidx) refers to __rtentry4.o(.ARM.Collect$$rtentry$$00000004) for .ARM.Collect$$rtentry$$00000004
    sys_stackheap_outer.o(.text) refers to libspace.o(.text) for __user_perproc_libspace
    sys_stackheap_outer.o(.text) refers to startup_mk20d7.o(.text) for __user_initial_stackheap
    exit.o(.text) refers to rtexit.o(.ARM.Collect$$rtexit$$00000000) for __rt_exit
    libinit.o(.ARM.Collect$$libinit$$00000000) refers (Special) to libinit2.o(.ARM.Collect$$libinit$$0000002E) for __rt_lib_init_alloca_1
    libinit.o(.ARM.Collect$$libinit$$00000000) refers (Special) to libinit2.o(.ARM.Collect$$libinit$$0000002C) for __rt_lib_init_argv_1
    libinit.o(.ARM.Collect$$libinit$$00000000) refers (Special) to libinit2.o(.ARM.Collect$$libinit$$0000001B) for __rt_lib_init_atexit_1
    libinit.o(.ARM.Collect$$libinit$$00000000) refers (Special) to libinit2.o(.ARM.Collect$$libinit$$00000021) for __rt_lib_init_clock_1
    libinit.o(.ARM.Collect$$libinit$$00000000) refers (Special) to libinit2.o(.ARM.Collect$$libinit$$00000032) for __rt_lib_init_cpp_1
    libinit.o(.ARM.Collect$$libinit$$00000000) refers (Special) to libinit2.o(.ARM.Collect$$libinit$$00000030) for __rt_lib_init_exceptions_1
    libinit.o(.ARM.Collect$$libinit$$00000000) refers (Special) to libinit2.o(.ARM.Collect$$libinit$$00000002) for __rt_lib_init_fp_1
    libinit.o(.ARM.Collect$$libinit$$00000000) refers (Special) to libinit2.o(.ARM.Collect$$libinit$$0000001F) for __rt_lib_init_fp_trap_1
    libinit.o(.ARM.Collect$$libinit$$00000000) refers (Special) to libinit2.o(.ARM.Collect$$libinit$$00000023) for __rt_lib_init_getenv_1
    libinit.o(.ARM.Collect$$libinit$$00000000) refers (Special) to libinit2.o(.ARM.Collect$$libinit$$0000000A) for __rt_lib_init_heap_1
    libinit.o(.ARM.Collect$$libinit$$00000000) refers (Special) to libinit2.o(.ARM.Collect$$libinit$$00000011) for __rt_lib_init_lc_collate_1
    libinit.o(.ARM.Collect$$libinit$$00000000) refers (Special) to libinit2.o(.ARM.Collect$$libinit$$00000013) for __rt_lib_init_lc_ctype_1
    libinit.o(.ARM.Collect$$libinit$$00000000) refers (Special) to libinit2.o(.ARM.Collect$$libinit$$00000015) for __rt_lib_init_lc_monetary_1
    libinit.o(.ARM.Collect$$libinit$$00000000) refers (Special) to libinit2.o(.ARM.Collect$$libinit$$00000017) for __rt_lib_init_lc_numeric_1
    libinit.o(.ARM.Collect$$libinit$$00000000) refers (Special) to libinit2.o(.ARM.Collect$$libinit$$00000019) for __rt_lib_init_lc_time_1
    libinit.o(.ARM.Collect$$libinit$$00000000) refers (Special) to libinit2.o(.ARM.Collect$$libinit$$00000004) for __rt_lib_init_preinit_1
    libinit.o(.ARM.Collect$$libinit$$00000000) refers (Special) to libinit2.o(.ARM.Collect$$libinit$$0000000E) for __rt_lib_init_rand_1
    libinit.o(.ARM.Collect$$libinit$$00000000) refers (Special) to libinit2.o(.ARM.Collect$$libinit$$00000033) for __rt_lib_init_return
    libinit.o(.ARM.Collect$$libinit$$00000000) refers (Special) to libinit2.o(.ARM.Collect$$libinit$$0000001D) for __rt_lib_init_signal_1
    libinit.o(.ARM.Collect$$libinit$$00000000) refers (Special) to libinit2.o(.ARM.Collect$$libinit$$00000025) for __rt_lib_init_stdio_1
    libinit.o(.ARM.Collect$$libinit$$00000000) refers (Special) to libinit2.o(.ARM.Collect$$libinit$$0000000C) for __rt_lib_init_user_alloc_1
    libspace.o(.text) refers to libspace.o(.bss) for __libspace_start
    rtexit.o(.ARM.Collect$$rtexit$$00000000) refers (Special) to rtexit2.o(.ARM.Collect$$rtexit$$00000004) for __rt_exit_exit
    rtexit.o(.ARM.Collect$$rtexit$$00000000) refers (Special) to rtexit2.o(.ARM.Collect$$rtexit$$00000003) for __rt_exit_ls
    rtexit.o(.ARM.Collect$$rtexit$$00000000) refers (Special) to rtexit2.o(.ARM.Collect$$rtexit$$00000002) for __rt_exit_prels_1
    rtexit.o(.ARM.exidx) refers (Special) to rtexit2.o(.ARM.Collect$$rtexit$$00000004) for __rt_exit_exit
    rtexit.o(.ARM.exidx) refers (Special) to rtexit2.o(.ARM.Collect$$rtexit$$00000003) for __rt_exit_ls
    rtexit.o(.ARM.exidx) refers (Special) to rtexit2.o(.ARM.Collect$$rtexit$$00000002) for __rt_exit_prels_1
    rtexit.o(.ARM.exidx) refers to rtexit.o(.ARM.Collect$$rtexit$$00000000) for .ARM.Collect$$rtexit$$00000000
    libinit2.o(.ARM.Collect$$libinit$$00000010) refers to libinit2.o(.ARM.Collect$$libinit$$0000000F) for .ARM.Collect$$libinit$$0000000F
    libinit2.o(.ARM.Collect$$libinit$$00000012) refers to libinit2.o(.ARM.Collect$$libinit$$0000000F) for .ARM.Collect$$libinit$$0000000F
    libinit2.o(.ARM.Collect$$libinit$$00000014) refers to libinit2.o(.ARM.Collect$$libinit$$0000000F) for .ARM.Collect$$libinit$$0000000F
    libinit2.o(.ARM.Collect$$libinit$$00000016) refers to libinit2.o(.ARM.Collect$$libinit$$0000000F) for .ARM.Collect$$libinit$$0000000F
    libinit2.o(.ARM.Collect$$libinit$$00000018) refers to libinit2.o(.ARM.Collect$$libinit$$0000000F) for .ARM.Collect$$libinit$$0000000F
    libinit2.o(.ARM.Collect$$libinit$$00000026) refers to argv_veneer.o(.emb_text) for __ARM_argv_veneer
    libinit2.o(.ARM.Collect$$libinit$$00000027) refers to argv_veneer.o(.emb_text) for __ARM_argv_veneer
    rtexit2.o(.ARM.Collect$$rtexit$$00000003) refers to libshutdown.o(.ARM.Collect$$libshutdown$$00000000) for __rt_lib_shutdown
    rtexit2.o(.ARM.Collect$$rtexit$$00000004) refers to sys_exit.o(.text) for _sys_exit
    rtexit2.o(.ARM.exidx) refers to rtexit2.o(.ARM.Collect$$rtexit$$00000001) for .ARM.Collect$$rtexit$$00000001
    rtexit2.o(.ARM.exidx) refers to rtexit2.o(.ARM.Collect$$rtexit$$00000003) for .ARM.Collect$$rtexit$$00000003
    rtexit2.o(.ARM.exidx) refers to rtexit2.o(.ARM.Collect$$rtexit$$00000004) for .ARM.Collect$$rtexit$$00000004
    argv_veneer.o(.emb_text) refers to no_argv.o(.text) for __ARM_get_argv
    sys_exit.o(.text) refers (Special) to use_no_semi.o(.text) for __I$use$semihosting
    sys_exit.o(.text) refers (Special) to indicate_semi.o(.text) for __semihosting_library_function
    _get_argv_nomalloc.o(.text) refers (Special) to hrguard.o(.text) for __heap_region$guard
    _get_argv_nomalloc.o(.text) refers to defsig_rtmem_outer.o(.text) for __rt_SIGRTMEM
    _get_argv_nomalloc.o(.text) refers to sys_command.o(.text) for _sys_command_string
    libshutdown.o(.ARM.Collect$$libshutdown$$00000000) refers (Special) to libshutdown2.o(.ARM.Collect$$libshutdown$$00000002) for __rt_lib_shutdown_cpp_1
    libshutdown.o(.ARM.Collect$$libshutdown$$00000000) refers (Special) to libshutdown2.o(.ARM.Collect$$libshutdown$$00000007) for __rt_lib_shutdown_fp_trap_1
    libshutdown.o(.ARM.Collect$$libshutdown$$00000000) refers (Special) to libshutdown2.o(.ARM.Collect$$libshutdown$$0000000F) for __rt_lib_shutdown_heap_1
    libshutdown.o(.ARM.Collect$$libshutdown$$00000000) refers (Special) to libshutdown2.o(.ARM.Collect$$libshutdown$$00000010) for __rt_lib_shutdown_return
    libshutdown.o(.ARM.Collect$$libshutdown$$00000000) refers (Special) to libshutdown2.o(.ARM.Collect$$libshutdown$$0000000A) for __rt_lib_shutdown_signal_1
    libshutdown.o(.ARM.Collect$$libshutdown$$00000000) refers (Special) to libshutdown2.o(.ARM.Collect$$libshutdown$$00000004) for __rt_lib_shutdown_stdio_1
    libshutdown.o(.ARM.Collect$$libshutdown$$00000000) refers (Special) to libshutdown2.o(.ARM.Collect$$libshutdown$$0000000C) for __rt_lib_shutdown_user_alloc_1
    sys_command.o(.text) refers (Special) to use_no_semi.o(.text) for __I$use$semihosting
    sys_command.o(.text) refers (Special) to indicate_semi.o(.text) for __semihosting_library_function
    defsig_rtmem_outer.o(.text) refers to defsig_rtmem_inner.o(.text) for __rt_SIGRTMEM_inner
    defsig_rtmem_outer.o(.text) refers to defsig_exit.o(.text) for __sig_exit
    defsig_rtmem_formal.o(.text) refers to rt_raise.o(.text) for __rt_raise
    rt_raise.o(.text) refers to __raise.o(.text) for __raise
    rt_raise.o(.text) refers to sys_exit.o(.text) for _sys_exit
    defsig_exit.o(.text) refers to sys_exit.o(.text) for _sys_exit
    defsig_rtmem_inner.o(.text) refers to defsig_general.o(.text) for __default_signal_display
    __raise.o(.text) refers to defsig.o(CL$$defsig) for __default_signal_handler
    defsig_general.o(.text) refers to sys_wrch.o(.text) for _ttywrch
    sys_wrch.o(.text) refers (Special) to use_no_semi.o(.text) for __I$use$semihosting
    sys_wrch.o(.text) refers (Special) to indicate_semi.o(.text) for __semihosting_library_function
    defsig.o(CL$$defsig) refers to defsig_rtmem_inner.o(.text) for __rt_SIGRTMEM_inner
    defsig_abrt_inner.o(.text) refers to defsig_general.o(.text) for __default_signal_display
    defsig_fpe_inner.o(.text) refers to defsig_general.o(.text) for __default_signal_display
    defsig_rtred_inner.o(.text) refers to defsig_general.o(.text) for __default_signal_display
    defsig_stak_inner.o(.text) refers to defsig_general.o(.text) for __default_signal_display
    defsig_pvfn_inner.o(.text) refers to defsig_general.o(.text) for __default_signal_display
    defsig_cppl_inner.o(.text) refers to defsig_general.o(.text) for __default_signal_display
    defsig_segv_inner.o(.text) refers to defsig_general.o(.text) for __default_signal_display
    defsig_other.o(.text) refers to defsig_general.o(.text) for __default_signal_display


==============================================================================

Removing Unused input sections from the image.

    Removing main.o(.rev16_text), (4 bytes).
    Removing main.o(.revsh_text), (4 bytes).
    Removing main.o(.rrx_text), (6 bytes).
    Removing drivers.o(.rev16_text), (4 bytes).
    Removing drivers.o(.revsh_text), (4 bytes).
    Removing drivers.o(.rrx_text), (6 bytes).
    Removing drivers.o(i.FTM0_Init), (88 bytes).
    Removing drivers.o(i.LED_Toggle), (24 bytes).
    Removing drivers.o(i.UART0_putString), (22 bytes).
    Removing drivers.o(i.UART2_putString), (22 bytes).
    Removing drivers.o(i.UART2_send), (24 bytes).
    Removing system_mk20d7.o(.rev16_text), (4 bytes).
    Removing system_mk20d7.o(.revsh_text), (4 bytes).
    Removing system_mk20d7.o(.rrx_text), (6 bytes).
    Removing system_mk20d7.o(i.SystemCoreClockUpdate), (2 bytes).

15 unused section(s) (total 224 bytes) removed from the image.

==============================================================================

Image Symbol Table

    Local Symbols

    Symbol Name                              Value     Ov Type        Size  Object(Section)

    RESET                                    0x00000000   Section     1024  startup_mk20d7.o(RESET)
    ../clib/angel/boardlib.s                 0x00000000   Number         0  boardinit3.o ABSOLUTE
    ../clib/angel/boardlib.s                 0x00000000   Number         0  boardinit2.o ABSOLUTE
    ../clib/angel/boardlib.s                 0x00000000   Number         0  boardinit1.o ABSOLUTE
    ../clib/angel/boardlib.s                 0x00000000   Number         0  boardshut.o ABSOLUTE
    ../clib/angel/handlers.s                 0x00000000   Number         0  __scatter_copy.o ABSOLUTE
    ../clib/angel/handlers.s                 0x00000000   Number         0  __scatter_zi.o ABSOLUTE
    ../clib/angel/kernel.s                   0x00000000   Number         0  rtexit.o ABSOLUTE
    ../clib/angel/kernel.s                   0x00000000   Number         0  rtexit2.o ABSOLUTE
    ../clib/angel/kernel.s                   0x00000000   Number         0  __rtentry4.o ABSOLUTE
    ../clib/angel/kernel.s                   0x00000000   Number         0  __rtentry2.o ABSOLUTE
    ../clib/angel/kernel.s                   0x00000000   Number         0  __rtentry.o ABSOLUTE
    ../clib/angel/rt.s                       0x00000000   Number         0  rt_raise.o ABSOLUTE
    ../clib/angel/scatter.s                  0x00000000   Number         0  __scatter.o ABSOLUTE
    ../clib/angel/startup.s                  0x00000000   Number         0  __main.o ABSOLUTE
    ../clib/angel/sys.s                      0x00000000   Number         0  libspace.o ABSOLUTE
    ../clib/angel/sys.s                      0x00000000   Number         0  indicate_semi.o ABSOLUTE
    ../clib/angel/sys.s                      0x00000000   Number         0  sys_stackheap_outer.o ABSOLUTE
    ../clib/angel/sys.s                      0x00000000   Number         0  use_no_semi.o ABSOLUTE
    ../clib/angel/sysapp.c                   0x00000000   Number         0  sys_wrch.o ABSOLUTE
    ../clib/angel/sysapp.c                   0x00000000   Number         0  sys_exit.o ABSOLUTE
    ../clib/angel/sysapp.c                   0x00000000   Number         0  sys_command.o ABSOLUTE
    ../clib/armsys.c                         0x00000000   Number         0  argv_veneer.o ABSOLUTE
    ../clib/armsys.c                         0x00000000   Number         0  argv_veneer.o ABSOLUTE
    ../clib/armsys.c                         0x00000000   Number         0  no_argv.o ABSOLUTE
    ../clib/armsys.c                         0x00000000   Number         0  _get_argv_nomalloc.o ABSOLUTE
    ../clib/heapalloc.c                      0x00000000   Number         0  hrguard.o ABSOLUTE
    ../clib/heapaux.c                        0x00000000   Number         0  heapauxi.o ABSOLUTE
    ../clib/libinit.s                        0x00000000   Number         0  libshutdown.o ABSOLUTE
    ../clib/libinit.s                        0x00000000   Number         0  libinit.o ABSOLUTE
    ../clib/libinit.s                        0x00000000   Number         0  libinit2.o ABSOLUTE
    ../clib/libinit.s                        0x00000000   Number         0  libshutdown2.o ABSOLUTE
    ../clib/signal.c                         0x00000000   Number         0  defsig_exit.o ABSOLUTE
    ../clib/signal.c                         0x00000000   Number         0  defsig_general.o ABSOLUTE
    ../clib/signal.c                         0x00000000   Number         0  defsig_rtmem_formal.o ABSOLUTE
    ../clib/signal.c                         0x00000000   Number         0  defsig_abrt_inner.o ABSOLUTE
    ../clib/signal.c                         0x00000000   Number         0  defsig_fpe_inner.o ABSOLUTE
    ../clib/signal.c                         0x00000000   Number         0  defsig_rtmem_outer.o ABSOLUTE
    ../clib/signal.c                         0x00000000   Number         0  defsig_stak_inner.o ABSOLUTE
    ../clib/signal.c                         0x00000000   Number         0  defsig_pvfn_inner.o ABSOLUTE
    ../clib/signal.c                         0x00000000   Number         0  __raise.o ABSOLUTE
    ../clib/signal.c                         0x00000000   Number         0  defsig_cppl_inner.o ABSOLUTE
    ../clib/signal.c                         0x00000000   Number         0  defsig_segv_inner.o ABSOLUTE
    ../clib/signal.c                         0x00000000   Number         0  defsig_other.o ABSOLUTE
    ../clib/signal.c                         0x00000000   Number         0  defsig_rtmem_inner.o ABSOLUTE
    ../clib/signal.c                         0x00000000   Number         0  defsig_rtred_inner.o ABSOLUTE
    ../clib/signal.s                         0x00000000   Number         0  defsig.o ABSOLUTE
    ../clib/stdlib.c                         0x00000000   Number         0  exit.o ABSOLUTE
    ../fplib/fpinit.s                        0x00000000   Number         0  fpinit.o ABSOLUTE
    RTE\Device\MK20DX256xxx7\startup_MK20D7.s 0x00000000   Number         0  startup_mk20d7.o ABSOLUTE
    RTE\Device\MK20DX256xxx7\system_MK20D7.c 0x00000000   Number         0  system_mk20d7.o ABSOLUTE
    RTE\\Device\\MK20DX256xxx7\\system_MK20D7.c 0x00000000   Number         0  system_mk20d7.o ABSOLUTE
    dc.s                                     0x00000000   Number         0  dc.o ABSOLUTE
    drivers.c                                0x00000000   Number         0  drivers.o ABSOLUTE
    drivers.c                                0x00000000   Number         0  drivers.o ABSOLUTE
    main.c                                   0x00000000   Number         0  main.o ABSOLUTE
    main.c                                   0x00000000   Number         0  main.o ABSOLUTE
    .ARM.__at_0x400                          0x00000400   Section       16  startup_mk20d7.o(.ARM.__at_0x400)
    !!!main                                  0x00000410   Section        8  __main.o(!!!main)
    !!!scatter                               0x00000418   Section       52  __scatter.o(!!!scatter)
    !!handler_copy                           0x0000044c   Section       26  __scatter_copy.o(!!handler_copy)
    !!handler_zi                             0x00000468   Section       28  __scatter_zi.o(!!handler_zi)
    .ARM.Collect$$libinit$$00000000          0x00000484   Section        2  libinit.o(.ARM.Collect$$libinit$$00000000)
    .ARM.Collect$$libinit$$00000002          0x00000486   Section        0  libinit2.o(.ARM.Collect$$libinit$$00000002)
    .ARM.Collect$$libinit$$00000004          0x00000486   Section        0  libinit2.o(.ARM.Collect$$libinit$$00000004)
    .ARM.Collect$$libinit$$0000000A          0x00000486   Section        0  libinit2.o(.ARM.Collect$$libinit$$0000000A)
    .ARM.Collect$$libinit$$0000000C          0x00000486   Section        0  libinit2.o(.ARM.Collect$$libinit$$0000000C)
    .ARM.Collect$$libinit$$0000000E          0x00000486   Section        0  libinit2.o(.ARM.Collect$$libinit$$0000000E)
    .ARM.Collect$$libinit$$00000011          0x00000486   Section        0  libinit2.o(.ARM.Collect$$libinit$$00000011)
    .ARM.Collect$$libinit$$00000013          0x00000486   Section        0  libinit2.o(.ARM.Collect$$libinit$$00000013)
    .ARM.Collect$$libinit$$00000015          0x00000486   Section        0  libinit2.o(.ARM.Collect$$libinit$$00000015)
    .ARM.Collect$$libinit$$00000017          0x00000486   Section        0  libinit2.o(.ARM.Collect$$libinit$$00000017)
    .ARM.Collect$$libinit$$00000019          0x00000486   Section        0  libinit2.o(.ARM.Collect$$libinit$$00000019)
    .ARM.Collect$$libinit$$0000001B          0x00000486   Section        0  libinit2.o(.ARM.Collect$$libinit$$0000001B)
    .ARM.Collect$$libinit$$0000001D          0x00000486   Section        0  libinit2.o(.ARM.Collect$$libinit$$0000001D)
    .ARM.Collect$$libinit$$0000001F          0x00000486   Section        0  libinit2.o(.ARM.Collect$$libinit$$0000001F)
    .ARM.Collect$$libinit$$00000021          0x00000486   Section        0  libinit2.o(.ARM.Collect$$libinit$$00000021)
    .ARM.Collect$$libinit$$00000023          0x00000486   Section        0  libinit2.o(.ARM.Collect$$libinit$$00000023)
    .ARM.Collect$$libinit$$00000025          0x00000486   Section        0  libinit2.o(.ARM.Collect$$libinit$$00000025)
    .ARM.Collect$$libinit$$0000002C          0x00000486   Section        0  libinit2.o(.ARM.Collect$$libinit$$0000002C)
    .ARM.Collect$$libinit$$0000002E          0x00000486   Section        0  libinit2.o(.ARM.Collect$$libinit$$0000002E)
    .ARM.Collect$$libinit$$00000030          0x00000486   Section        0  libinit2.o(.ARM.Collect$$libinit$$00000030)
    .ARM.Collect$$libinit$$00000032          0x00000486   Section        0  libinit2.o(.ARM.Collect$$libinit$$00000032)
    .ARM.Collect$$libinit$$00000033          0x00000486   Section        2  libinit2.o(.ARM.Collect$$libinit$$00000033)
    .ARM.Collect$$libshutdown$$00000000      0x00000488   Section        2  libshutdown.o(.ARM.Collect$$libshutdown$$00000000)
    .ARM.Collect$$libshutdown$$00000002      0x0000048a   Section        0  libshutdown2.o(.ARM.Collect$$libshutdown$$00000002)
    .ARM.Collect$$libshutdown$$00000004      0x0000048a   Section        0  libshutdown2.o(.ARM.Collect$$libshutdown$$00000004)
    .ARM.Collect$$libshutdown$$00000007      0x0000048a   Section        0  libshutdown2.o(.ARM.Collect$$libshutdown$$00000007)
    .ARM.Collect$$libshutdown$$0000000A      0x0000048a   Section        0  libshutdown2.o(.ARM.Collect$$libshutdown$$0000000A)
    .ARM.Collect$$libshutdown$$0000000C      0x0000048a   Section        0  libshutdown2.o(.ARM.Collect$$libshutdown$$0000000C)
    .ARM.Collect$$libshutdown$$0000000F      0x0000048a   Section        0  libshutdown2.o(.ARM.Collect$$libshutdown$$0000000F)
    .ARM.Collect$$libshutdown$$00000010      0x0000048a   Section        2  libshutdown2.o(.ARM.Collect$$libshutdown$$00000010)
    .ARM.Collect$$rtentry$$00000000          0x0000048c   Section        0  __rtentry.o(.ARM.Collect$$rtentry$$00000000)
    .ARM.Collect$$rtentry$$00000002          0x0000048c   Section        0  __rtentry2.o(.ARM.Collect$$rtentry$$00000002)
    .ARM.Collect$$rtentry$$00000004          0x0000048c   Section        6  __rtentry4.o(.ARM.Collect$$rtentry$$00000004)
    .ARM.Collect$$rtentry$$00000009          0x00000492   Section        0  __rtentry2.o(.ARM.Collect$$rtentry$$00000009)
    .ARM.Collect$$rtentry$$0000000A          0x00000492   Section        4  __rtentry2.o(.ARM.Collect$$rtentry$$0000000A)
    .ARM.Collect$$rtentry$$0000000C          0x00000496   Section        0  __rtentry2.o(.ARM.Collect$$rtentry$$0000000C)
    .ARM.Collect$$rtentry$$0000000D          0x00000496   Section        8  __rtentry2.o(.ARM.Collect$$rtentry$$0000000D)
    .ARM.Collect$$rtexit$$00000000           0x0000049e   Section        2  rtexit.o(.ARM.Collect$$rtexit$$00000000)
    .ARM.Collect$$rtexit$$00000002           0x000004a0   Section        0  rtexit2.o(.ARM.Collect$$rtexit$$00000002)
    .ARM.Collect$$rtexit$$00000003           0x000004a0   Section        4  rtexit2.o(.ARM.Collect$$rtexit$$00000003)
    .ARM.Collect$$rtexit$$00000004           0x000004a4   Section        6  rtexit2.o(.ARM.Collect$$rtexit$$00000004)
    .text                                    0x000004ac   Section       60  startup_mk20d7.o(.text)
    .text                                    0x000004e8   Section        0  heapauxi.o(.text)
    .text                                    0x000004ee   Section       74  sys_stackheap_outer.o(.text)
    .text                                    0x00000538   Section        0  exit.o(.text)
    .text                                    0x0000054c   Section        8  libspace.o(.text)
    .text                                    0x00000554   Section        0  sys_exit.o(.text)
    .text                                    0x00000560   Section        2  use_no_semi.o(.text)
    .text                                    0x00000562   Section        0  indicate_semi.o(.text)
    i.ADC0_Init                              0x00000564   Section        0  drivers.o(i.ADC0_Init)
    i.ADC0_Read                              0x00000598   Section        0  drivers.o(i.ADC0_Read)
    i.FTM0_IRQHandler                        0x000005c4   Section        0  main.o(i.FTM0_IRQHandler)
    i.LED_Init                               0x000007c4   Section        0  drivers.o(i.LED_Init)
    i.LED_Off                                0x00000804   Section        0  drivers.o(i.LED_Off)
    i.LED_On                                 0x0000081c   Section        0  drivers.o(i.LED_On)
    i.Output_Init                            0x00000834   Section        0  drivers.o(i.Output_Init)
    i.PORTC_IRQHandler                       0x00000914   Section        0  main.o(i.PORTC_IRQHandler)
    i.Switch_Init                            0x00000a00   Section        0  drivers.o(i.Switch_Init)
    i.SysTick_Handler                        0x00000a84   Section        0  main.o(i.SysTick_Handler)
    i.SystemInit                             0x00000ad0   Section        0  system_mk20d7.o(i.SystemInit)
    i.UART0_Init                             0x00000aec   Section        0  drivers.o(i.UART0_Init)
    i.UART0_RX_TX_IRQHandler                 0x00000b48   Section        0  main.o(i.UART0_RX_TX_IRQHandler)
    i.UART0_send                             0x00000b58   Section        0  drivers.o(i.UART0_send)
    i.__NVIC_EnableIRQ                       0x00000b70   Section        0  drivers.o(i.__NVIC_EnableIRQ)
    __NVIC_EnableIRQ                         0x00000b71   Thumb Code    26  drivers.o(i.__NVIC_EnableIRQ)
    i.main                                   0x00000b8c   Section        0  main.o(i.main)
    .constdata                               0x00000c7c   Section       23  drivers.o(.constdata)
    channel2sc1a                             0x00000c7c   Data          23  drivers.o(.constdata)
    .data                                    0x20000000   Section       24  main.o(.data)
    .data                                    0x20000018   Section        4  system_mk20d7.o(.data)
    .bss                                     0x2000001c   Section      130  main.o(.bss)
    .bss                                     0x200000a0   Section       96  libspace.o(.bss)
    HEAP                                     0x20000100   Section        0  startup_mk20d7.o(HEAP)
    STACK                                    0x20000100   Section     1024  startup_mk20d7.o(STACK)
    Heap_Mem                                 0x20000100   Data           0  startup_mk20d7.o(HEAP)
    Stack_Mem                                0x20000100   Data        1024  startup_mk20d7.o(STACK)
    __initial_sp                             0x20000500   Data           0  startup_mk20d7.o(STACK)

    Global Symbols

    Symbol Name                              Value     Ov Type        Size  Object(Section)

    BuildAttributes$$THM_ISAv4$E$P$D$K$B$S$7EM$PE$A:L22UL41UL21$X:L11$S22US41US21$IEEE1$IW$USESV6$~STKCKD$USESV7$~SHL$OSPACE$ROPI$EBA8$UX$STANDARDLIB$REQ8$PRES8$EABIv2 0x00000000   Number         0  anon$$obj.o ABSOLUTE
    __ARM_use_no_argv                        0x00000000   Number         0  main.o ABSOLUTE
    __Vectors                                0x00000000   Data           4  startup_mk20d7.o(RESET)
    __ARM_exceptions_init                     - Undefined Weak Reference
    __alloca_initialize                       - Undefined Weak Reference
    __arm_preinit_                            - Undefined Weak Reference
    __cpp_initialize__aeabi_                  - Undefined Weak Reference
    __cxa_finalize                            - Undefined Weak Reference
    __rt_locale                               - Undefined Weak Reference
    __sigvec_lookup                           - Undefined Weak Reference
    _atexit_init                              - Undefined Weak Reference
    _call_atexit_fns                          - Undefined Weak Reference
    _clock_init                               - Undefined Weak Reference
    _fp_trap_init                             - Undefined Weak Reference
    _fp_trap_shutdown                         - Undefined Weak Reference
    _get_lc_collate                           - Undefined Weak Reference
    _get_lc_ctype                             - Undefined Weak Reference
    _get_lc_monetary                          - Undefined Weak Reference
    _get_lc_numeric                           - Undefined Weak Reference
    _get_lc_time                              - Undefined Weak Reference
    _getenv_init                              - Undefined Weak Reference
    _handle_redirection                       - Undefined Weak Reference
    _init_alloc                               - Undefined Weak Reference
    _init_user_alloc                          - Undefined Weak Reference
    _initio                                   - Undefined Weak Reference
    _rand_init                                - Undefined Weak Reference
    _signal_finish                            - Undefined Weak Reference
    _signal_init                              - Undefined Weak Reference
    _terminate_alloc                          - Undefined Weak Reference
    _terminate_user_alloc                     - Undefined Weak Reference
    _terminateio                              - Undefined Weak Reference
    __Vectors_End                            0x00000400   Data           0  startup_mk20d7.o(RESET)
    __Vectors_Size                           0x00000400   Number         0  startup_mk20d7.o ABSOLUTE
    __main                                   0x00000411   Thumb Code     8  __main.o(!!!main)
    __scatterload                            0x00000419   Thumb Code     0  __scatter.o(!!!scatter)
    __scatterload_rt2                        0x00000419   Thumb Code    44  __scatter.o(!!!scatter)
    __scatterload_rt2_thumb_only             0x00000419   Thumb Code     0  __scatter.o(!!!scatter)
    __scatterload_null                       0x00000427   Thumb Code     0  __scatter.o(!!!scatter)
    __scatterload_copy                       0x0000044d   Thumb Code    26  __scatter_copy.o(!!handler_copy)
    __scatterload_zeroinit                   0x00000469   Thumb Code    28  __scatter_zi.o(!!handler_zi)
    __rt_lib_init                            0x00000485   Thumb Code     0  libinit.o(.ARM.Collect$$libinit$$00000000)
    __rt_lib_init_alloca_1                   0x00000487   Thumb Code     0  libinit2.o(.ARM.Collect$$libinit$$0000002E)
    __rt_lib_init_argv_1                     0x00000487   Thumb Code     0  libinit2.o(.ARM.Collect$$libinit$$0000002C)
    __rt_lib_init_atexit_1                   0x00000487   Thumb Code     0  libinit2.o(.ARM.Collect$$libinit$$0000001B)
    __rt_lib_init_clock_1                    0x00000487   Thumb Code     0  libinit2.o(.ARM.Collect$$libinit$$00000021)
    __rt_lib_init_cpp_1                      0x00000487   Thumb Code     0  libinit2.o(.ARM.Collect$$libinit$$00000032)
    __rt_lib_init_exceptions_1               0x00000487   Thumb Code     0  libinit2.o(.ARM.Collect$$libinit$$00000030)
    __rt_lib_init_fp_1                       0x00000487   Thumb Code     0  libinit2.o(.ARM.Collect$$libinit$$00000002)
    __rt_lib_init_fp_trap_1                  0x00000487   Thumb Code     0  libinit2.o(.ARM.Collect$$libinit$$0000001F)
    __rt_lib_init_getenv_1                   0x00000487   Thumb Code     0  libinit2.o(.ARM.Collect$$libinit$$00000023)
    __rt_lib_init_heap_1                     0x00000487   Thumb Code     0  libinit2.o(.ARM.Collect$$libinit$$0000000A)
    __rt_lib_init_lc_collate_1               0x00000487   Thumb Code     0  libinit2.o(.ARM.Collect$$libinit$$00000011)
    __rt_lib_init_lc_ctype_1                 0x00000487   Thumb Code     0  libinit2.o(.ARM.Collect$$libinit$$00000013)
    __rt_lib_init_lc_monetary_1              0x00000487   Thumb Code     0  libinit2.o(.ARM.Collect$$libinit$$00000015)
    __rt_lib_init_lc_numeric_1               0x00000487   Thumb Code     0  libinit2.o(.ARM.Collect$$libinit$$00000017)
    __rt_lib_init_lc_time_1                  0x00000487   Thumb Code     0  libinit2.o(.ARM.Collect$$libinit$$00000019)
    __rt_lib_init_preinit_1                  0x00000487   Thumb Code     0  libinit2.o(.ARM.Collect$$libinit$$00000004)
    __rt_lib_init_rand_1                     0x00000487   Thumb Code     0  libinit2.o(.ARM.Collect$$libinit$$0000000E)
    __rt_lib_init_return                     0x00000487   Thumb Code     0  libinit2.o(.ARM.Collect$$libinit$$00000033)
    __rt_lib_init_signal_1                   0x00000487   Thumb Code     0  libinit2.o(.ARM.Collect$$libinit$$0000001D)
    __rt_lib_init_stdio_1                    0x00000487   Thumb Code     0  libinit2.o(.ARM.Collect$$libinit$$00000025)
    __rt_lib_init_user_alloc_1               0x00000487   Thumb Code     0  libinit2.o(.ARM.Collect$$libinit$$0000000C)
    __rt_lib_shutdown                        0x00000489   Thumb Code     0  libshutdown.o(.ARM.Collect$$libshutdown$$00000000)
    __rt_lib_shutdown_cpp_1                  0x0000048b   Thumb Code     0  libshutdown2.o(.ARM.Collect$$libshutdown$$00000002)
    __rt_lib_shutdown_fp_trap_1              0x0000048b   Thumb Code     0  libshutdown2.o(.ARM.Collect$$libshutdown$$00000007)
    __rt_lib_shutdown_heap_1                 0x0000048b   Thumb Code     0  libshutdown2.o(.ARM.Collect$$libshutdown$$0000000F)
    __rt_lib_shutdown_return                 0x0000048b   Thumb Code     0  libshutdown2.o(.ARM.Collect$$libshutdown$$00000010)
    __rt_lib_shutdown_signal_1               0x0000048b   Thumb Code     0  libshutdown2.o(.ARM.Collect$$libshutdown$$0000000A)
    __rt_lib_shutdown_stdio_1                0x0000048b   Thumb Code     0  libshutdown2.o(.ARM.Collect$$libshutdown$$00000004)
    __rt_lib_shutdown_user_alloc_1           0x0000048b   Thumb Code     0  libshutdown2.o(.ARM.Collect$$libshutdown$$0000000C)
    __rt_entry                               0x0000048d   Thumb Code     0  __rtentry.o(.ARM.Collect$$rtentry$$00000000)
    __rt_entry_presh_1                       0x0000048d   Thumb Code     0  __rtentry2.o(.ARM.Collect$$rtentry$$00000002)
    __rt_entry_sh                            0x0000048d   Thumb Code     0  __rtentry4.o(.ARM.Collect$$rtentry$$00000004)
    __rt_entry_li                            0x00000493   Thumb Code     0  __rtentry2.o(.ARM.Collect$$rtentry$$0000000A)
    __rt_entry_postsh_1                      0x00000493   Thumb Code     0  __rtentry2.o(.ARM.Collect$$rtentry$$00000009)
    __rt_entry_main                          0x00000497   Thumb Code     0  __rtentry2.o(.ARM.Collect$$rtentry$$0000000D)
    __rt_entry_postli_1                      0x00000497   Thumb Code     0  __rtentry2.o(.ARM.Collect$$rtentry$$0000000C)
    __rt_exit                                0x0000049f   Thumb Code     0  rtexit.o(.ARM.Collect$$rtexit$$00000000)
    __rt_exit_ls                             0x000004a1   Thumb Code     0  rtexit2.o(.ARM.Collect$$rtexit$$00000003)
    __rt_exit_prels_1                        0x000004a1   Thumb Code     0  rtexit2.o(.ARM.Collect$$rtexit$$00000002)
    __rt_exit_exit                           0x000004a5   Thumb Code     0  rtexit2.o(.ARM.Collect$$rtexit$$00000004)
    Reset_Handler                            0x000004ad   Thumb Code     8  startup_mk20d7.o(.text)
    NMI_Handler                              0x000004b5   Thumb Code     2  startup_mk20d7.o(.text)
    HardFault_Handler                        0x000004b7   Thumb Code     2  startup_mk20d7.o(.text)
    MemManage_Handler                        0x000004b9   Thumb Code     2  startup_mk20d7.o(.text)
    BusFault_Handler                         0x000004bb   Thumb Code     2  startup_mk20d7.o(.text)
    UsageFault_Handler                       0x000004bd   Thumb Code     2  startup_mk20d7.o(.text)
    SVC_Handler                              0x000004bf   Thumb Code     2  startup_mk20d7.o(.text)
    DebugMon_Handler                         0x000004c1   Thumb Code     2  startup_mk20d7.o(.text)
    PendSV_Handler                           0x000004c3   Thumb Code     2  startup_mk20d7.o(.text)
    ADC0_IRQHandler                          0x000004c7   Thumb Code     0  startup_mk20d7.o(.text)
    ADC1_IRQHandler                          0x000004c7   Thumb Code     0  startup_mk20d7.o(.text)
    CAN0_Bus_Off_IRQHandler                  0x000004c7   Thumb Code     0  startup_mk20d7.o(.text)
    CAN0_Error_IRQHandler                    0x000004c7   Thumb Code     0  startup_mk20d7.o(.text)
    CAN0_ORed_Message_buffer_IRQHandler      0x000004c7   Thumb Code     0  startup_mk20d7.o(.text)
    CAN0_Rx_Warning_IRQHandler               0x000004c7   Thumb Code     0  startup_mk20d7.o(.text)
    CAN0_Tx_Warning_IRQHandler               0x000004c7   Thumb Code     0  startup_mk20d7.o(.text)
    CAN0_Wake_Up_IRQHandler                  0x000004c7   Thumb Code     0  startup_mk20d7.o(.text)
    CMP0_IRQHandler                          0x000004c7   Thumb Code     0  startup_mk20d7.o(.text)
    CMP1_IRQHandler                          0x000004c7   Thumb Code     0  startup_mk20d7.o(.text)
    CMP2_IRQHandler                          0x000004c7   Thumb Code     0  startup_mk20d7.o(.text)
    CMT_IRQHandler                           0x000004c7   Thumb Code     0  startup_mk20d7.o(.text)
    DAC0_IRQHandler                          0x000004c7   Thumb Code     0  startup_mk20d7.o(.text)
    DMA0_IRQHandler                          0x000004c7   Thumb Code     0  startup_mk20d7.o(.text)
    DMA10_IRQHandler                         0x000004c7   Thumb Code     0  startup_mk20d7.o(.text)
    DMA11_IRQHandler                         0x000004c7   Thumb Code     0  startup_mk20d7.o(.text)
    DMA12_IRQHandler                         0x000004c7   Thumb Code     0  startup_mk20d7.o(.text)
    DMA13_IRQHandler                         0x000004c7   Thumb Code     0  startup_mk20d7.o(.text)
    DMA14_IRQHandler                         0x000004c7   Thumb Code     0  startup_mk20d7.o(.text)
    DMA15_IRQHandler                         0x000004c7   Thumb Code     0  startup_mk20d7.o(.text)
    DMA1_IRQHandler                          0x000004c7   Thumb Code     0  startup_mk20d7.o(.text)
    DMA2_IRQHandler                          0x000004c7   Thumb Code     0  startup_mk20d7.o(.text)
    DMA3_IRQHandler                          0x000004c7   Thumb Code     0  startup_mk20d7.o(.text)
    DMA4_IRQHandler                          0x000004c7   Thumb Code     0  startup_mk20d7.o(.text)
    DMA5_IRQHandler                          0x000004c7   Thumb Code     0  startup_mk20d7.o(.text)
    DMA6_IRQHandler                          0x000004c7   Thumb Code     0  startup_mk20d7.o(.text)
    DMA7_IRQHandler                          0x000004c7   Thumb Code     0  startup_mk20d7.o(.text)
    DMA8_IRQHandler                          0x000004c7   Thumb Code     0  startup_mk20d7.o(.text)
    DMA9_IRQHandler                          0x000004c7   Thumb Code     0  startup_mk20d7.o(.text)
    DMA_Error_IRQHandler                     0x000004c7   Thumb Code     0  startup_mk20d7.o(.text)
    DefaultISR                               0x000004c7   Thumb Code     0  startup_mk20d7.o(.text)
    FTFL_IRQHandler                          0x000004c7   Thumb Code     0  startup_mk20d7.o(.text)
    FTM1_IRQHandler                          0x000004c7   Thumb Code     0  startup_mk20d7.o(.text)
    FTM2_IRQHandler                          0x000004c7   Thumb Code     0  startup_mk20d7.o(.text)
    I2C0_IRQHandler                          0x000004c7   Thumb Code     0  startup_mk20d7.o(.text)
    I2C1_IRQHandler                          0x000004c7   Thumb Code     0  startup_mk20d7.o(.text)
    I2S0_Rx_IRQHandler                       0x000004c7   Thumb Code     0  startup_mk20d7.o(.text)
    I2S0_Tx_IRQHandler                       0x000004c7   Thumb Code     0  startup_mk20d7.o(.text)
    LLW_IRQHandler                           0x000004c7   Thumb Code     0  startup_mk20d7.o(.text)
    LPTimer_IRQHandler                       0x000004c7   Thumb Code     0  startup_mk20d7.o(.text)
    LVD_LVW_IRQHandler                       0x000004c7   Thumb Code     0  startup_mk20d7.o(.text)
    MCG_IRQHandler                           0x000004c7   Thumb Code     0  startup_mk20d7.o(.text)
    MCM_IRQHandler                           0x000004c7   Thumb Code     0  startup_mk20d7.o(.text)
    PDB0_IRQHandler                          0x000004c7   Thumb Code     0  startup_mk20d7.o(.text)
    PIT0_IRQHandler                          0x000004c7   Thumb Code     0  startup_mk20d7.o(.text)
    PIT1_IRQHandler                          0x000004c7   Thumb Code     0  startup_mk20d7.o(.text)
    PIT2_IRQHandler                          0x000004c7   Thumb Code     0  startup_mk20d7.o(.text)
    PIT3_IRQHandler                          0x000004c7   Thumb Code     0  startup_mk20d7.o(.text)
    PORTA_IRQHandler                         0x000004c7   Thumb Code     0  startup_mk20d7.o(.text)
    PORTB_IRQHandler                         0x000004c7   Thumb Code     0  startup_mk20d7.o(.text)
    PORTD_IRQHandler                         0x000004c7   Thumb Code     0  startup_mk20d7.o(.text)
    PORTE_IRQHandler                         0x000004c7   Thumb Code     0  startup_mk20d7.o(.text)
    RTC_IRQHandler                           0x000004c7   Thumb Code     0  startup_mk20d7.o(.text)
    RTC_Seconds_IRQHandler                   0x000004c7   Thumb Code     0  startup_mk20d7.o(.text)
    Read_Collision_IRQHandler                0x000004c7   Thumb Code     0  startup_mk20d7.o(.text)
    Reserved102_IRQHandler                   0x000004c7   Thumb Code     0  startup_mk20d7.o(.text)
    Reserved108_IRQHandler                   0x000004c7   Thumb Code     0  startup_mk20d7.o(.text)
    Reserved109_IRQHandler                   0x000004c7   Thumb Code     0  startup_mk20d7.o(.text)
    Reserved39_IRQHandler                    0x000004c7   Thumb Code     0  startup_mk20d7.o(.text)
    Reserved44_IRQHandler                    0x000004c7   Thumb Code     0  startup_mk20d7.o(.text)
    Reserved53_IRQHandler                    0x000004c7   Thumb Code     0  startup_mk20d7.o(.text)
    Reserved54_IRQHandler                    0x000004c7   Thumb Code     0  startup_mk20d7.o(.text)
    Reserved55_IRQHandler                    0x000004c7   Thumb Code     0  startup_mk20d7.o(.text)
    Reserved56_IRQHandler                    0x000004c7   Thumb Code     0  startup_mk20d7.o(.text)
    Reserved57_IRQHandler                    0x000004c7   Thumb Code     0  startup_mk20d7.o(.text)
    Reserved58_IRQHandler                    0x000004c7   Thumb Code     0  startup_mk20d7.o(.text)
    Reserved59_IRQHandler                    0x000004c7   Thumb Code     0  startup_mk20d7.o(.text)
    Reserved71_IRQHandler                    0x000004c7   Thumb Code     0  startup_mk20d7.o(.text)
    Reserved72_IRQHandler                    0x000004c7   Thumb Code     0  startup_mk20d7.o(.text)
    Reserved91_IRQHandler                    0x000004c7   Thumb Code     0  startup_mk20d7.o(.text)
    Reserved92_IRQHandler                    0x000004c7   Thumb Code     0  startup_mk20d7.o(.text)
    Reserved93_IRQHandler                    0x000004c7   Thumb Code     0  startup_mk20d7.o(.text)
    Reserved94_IRQHandler                    0x000004c7   Thumb Code     0  startup_mk20d7.o(.text)
    Reserved95_IRQHandler                    0x000004c7   Thumb Code     0  startup_mk20d7.o(.text)
    Reserved96_IRQHandler                    0x000004c7   Thumb Code     0  startup_mk20d7.o(.text)
    Reserved98_IRQHandler                    0x000004c7   Thumb Code     0  startup_mk20d7.o(.text)
    SPI0_IRQHandler                          0x000004c7   Thumb Code     0  startup_mk20d7.o(.text)
    SPI1_IRQHandler                          0x000004c7   Thumb Code     0  startup_mk20d7.o(.text)
    SWI_IRQHandler                           0x000004c7   Thumb Code     0  startup_mk20d7.o(.text)
    TSI0_IRQHandler                          0x000004c7   Thumb Code     0  startup_mk20d7.o(.text)
    UART0_ERR_IRQHandler                     0x000004c7   Thumb Code     0  startup_mk20d7.o(.text)
    UART0_LON_IRQHandler                     0x000004c7   Thumb Code     0  startup_mk20d7.o(.text)
    UART1_ERR_IRQHandler                     0x000004c7   Thumb Code     0  startup_mk20d7.o(.text)
    UART1_RX_TX_IRQHandler                   0x000004c7   Thumb Code     0  startup_mk20d7.o(.text)
    UART2_ERR_IRQHandler                     0x000004c7   Thumb Code     0  startup_mk20d7.o(.text)
    UART2_RX_TX_IRQHandler                   0x000004c7   Thumb Code     0  startup_mk20d7.o(.text)
    UART3_ERR_IRQHandler                     0x000004c7   Thumb Code     0  startup_mk20d7.o(.text)
    UART3_RX_TX_IRQHandler                   0x000004c7   Thumb Code     0  startup_mk20d7.o(.text)
    UART4_ERR_IRQHandler                     0x000004c7   Thumb Code     0  startup_mk20d7.o(.text)
    UART4_RX_TX_IRQHandler                   0x000004c7   Thumb Code     0  startup_mk20d7.o(.text)
    USB0_IRQHandler                          0x000004c7   Thumb Code     0  startup_mk20d7.o(.text)
    USBDCD_IRQHandler                        0x000004c7   Thumb Code     0  startup_mk20d7.o(.text)
    Watchdog_IRQHandler                      0x000004c7   Thumb Code     0  startup_mk20d7.o(.text)
    __user_initial_stackheap                 0x000004c9   Thumb Code     0  startup_mk20d7.o(.text)
    __use_two_region_memory                  0x000004e9   Thumb Code     2  heapauxi.o(.text)
    __rt_heap_escrow$2region                 0x000004eb   Thumb Code     2  heapauxi.o(.text)
    __rt_heap_expand$2region                 0x000004ed   Thumb Code     2  heapauxi.o(.text)
    __user_setup_stackheap                   0x000004ef   Thumb Code    74  sys_stackheap_outer.o(.text)
    exit                                     0x00000539   Thumb Code    18  exit.o(.text)
    __user_libspace                          0x0000054d   Thumb Code     8  libspace.o(.text)
    __user_perproc_libspace                  0x0000054d   Thumb Code     0  libspace.o(.text)
    __user_perthread_libspace                0x0000054d   Thumb Code     0  libspace.o(.text)
    _sys_exit                                0x00000555   Thumb Code     8  sys_exit.o(.text)
    __I$use$semihosting                      0x00000561   Thumb Code     0  use_no_semi.o(.text)
    __use_no_semihosting_swi                 0x00000561   Thumb Code     2  use_no_semi.o(.text)
    __semihosting_library_function           0x00000563   Thumb Code     0  indicate_semi.o(.text)
    ADC0_Init                                0x00000565   Thumb Code    42  drivers.o(i.ADC0_Init)
    ADC0_Read                                0x00000599   Thumb Code    36  drivers.o(i.ADC0_Read)
    FTM0_IRQHandler                          0x000005c5   Thumb Code   504  main.o(i.FTM0_IRQHandler)
    LED_Init                                 0x000007c5   Thumb Code    50  drivers.o(i.LED_Init)
    LED_Off                                  0x00000805   Thumb Code    18  drivers.o(i.LED_Off)
    LED_On                                   0x0000081d   Thumb Code    18  drivers.o(i.LED_On)
    Output_Init                              0x00000835   Thumb Code   204  drivers.o(i.Output_Init)
    PORTC_IRQHandler                         0x00000915   Thumb Code   222  main.o(i.PORTC_IRQHandler)
    Switch_Init                              0x00000a01   Thumb Code   114  drivers.o(i.Switch_Init)
    SysTick_Handler                          0x00000a85   Thumb Code    58  main.o(i.SysTick_Handler)
    SystemInit                               0x00000ad1   Thumb Code    22  system_mk20d7.o(i.SystemInit)
    UART0_Init                               0x00000aed   Thumb Code    78  drivers.o(i.UART0_Init)
    UART0_RX_TX_IRQHandler                   0x00000b49   Thumb Code    12  main.o(i.UART0_RX_TX_IRQHandler)
    UART0_send                               0x00000b59   Thumb Code    20  drivers.o(i.UART0_send)
    main                                     0x00000b8d   Thumb Code   212  main.o(i.main)
    Region$$Table$$Base                      0x00000c94   Number         0  anon$$obj.o(Region$$Table)
    Region$$Table$$Limit                     0x00000cb4   Number         0  anon$$obj.o(Region$$Table)
    thresholds                               0x20000000   Data          10  main.o(.data)
    rot_threshold                            0x2000000a   Data           2  main.o(.data)
    count                                    0x2000000c   Data           4  main.o(.data)
    mcount                                   0x20000010   Data           4  main.o(.data)
    action                                   0x20000014   Data           1  main.o(.data)
    state                                    0x20000015   Data           1  main.o(.data)
    ticks                                    0x20000016   Data           1  main.o(.data)
    mstate                                   0x20000017   Data           1  main.o(.data)
    SystemCoreClock                          0x20000018   Data           4  system_mk20d7.o(.data)
    time_ms                                  0x2000001c   Data          20  main.o(.bss)
    IM2_mean                                 0x20000030   Data          10  main.o(.bss)
    IM2_Buffer                               0x2000003a   Data         100  main.o(.bss)
    __libspace_start                         0x200000a0   Data          96  libspace.o(.bss)
    __temporary_stack_top$libspace           0x20000100   Data           0  libspace.o(.bss)



==============================================================================

Memory Map of the image

  Image Entry point : 0x000004ad

  Load Region LR_1 (Base: 0x00000000, Size: 0x00000cd0, Max: 0xffffffff, ABSOLUTE)

    Execution Region ER_RO (Base: 0x00000000, Size: 0x00000cb4, Max: 0xffffffff, ABSOLUTE)

    Base Addr    Size         Type   Attr      Idx    E Section Name        Object

    0x00000000   0x00000400   Data   RO          213    RESET               startup_mk20d7.o
    0x00000400   0x00000010   Code   RO          214    .ARM.__at_0x400     startup_mk20d7.o
    0x00000410   0x00000008   Code   RO          265  * !!!main             c_w.l(__main.o)
    0x00000418   0x00000034   Code   RO          422    !!!scatter          c_w.l(__scatter.o)
    0x0000044c   0x0000001a   Code   RO          424    !!handler_copy      c_w.l(__scatter_copy.o)
    0x00000466   0x00000002   PAD
    0x00000468   0x0000001c   Code   RO          426    !!handler_zi        c_w.l(__scatter_zi.o)
    0x00000484   0x00000002   Code   RO          292    .ARM.Collect$$libinit$$00000000  c_w.l(libinit.o)
    0x00000486   0x00000000   Code   RO          299    .ARM.Collect$$libinit$$00000002  c_w.l(libinit2.o)
    0x00000486   0x00000000   Code   RO          301    .ARM.Collect$$libinit$$00000004  c_w.l(libinit2.o)
    0x00000486   0x00000000   Code   RO          304    .ARM.Collect$$libinit$$0000000A  c_w.l(libinit2.o)
    0x00000486   0x00000000   Code   RO          306    .ARM.Collect$$libinit$$0000000C  c_w.l(libinit2.o)
    0x00000486   0x00000000   Code   RO          308    .ARM.Collect$$libinit$$0000000E  c_w.l(libinit2.o)
    0x00000486   0x00000000   Code   RO          311    .ARM.Collect$$libinit$$00000011  c_w.l(libinit2.o)
    0x00000486   0x00000000   Code   RO          313    .ARM.Collect$$libinit$$00000013  c_w.l(libinit2.o)
    0x00000486   0x00000000   Code   RO          315    .ARM.Collect$$libinit$$00000015  c_w.l(libinit2.o)
    0x00000486   0x00000000   Code   RO          317    .ARM.Collect$$libinit$$00000017  c_w.l(libinit2.o)
    0x00000486   0x00000000   Code   RO          319    .ARM.Collect$$libinit$$00000019  c_w.l(libinit2.o)
    0x00000486   0x00000000   Code   RO          321    .ARM.Collect$$libinit$$0000001B  c_w.l(libinit2.o)
    0x00000486   0x00000000   Code   RO          323    .ARM.Collect$$libinit$$0000001D  c_w.l(libinit2.o)
    0x00000486   0x00000000   Code   RO          325    .ARM.Collect$$libinit$$0000001F  c_w.l(libinit2.o)
    0x00000486   0x00000000   Code   RO          327    .ARM.Collect$$libinit$$00000021  c_w.l(libinit2.o)
    0x00000486   0x00000000   Code   RO          329    .ARM.Collect$$libinit$$00000023  c_w.l(libinit2.o)
    0x00000486   0x00000000   Code   RO          331    .ARM.Collect$$libinit$$00000025  c_w.l(libinit2.o)
    0x00000486   0x00000000   Code   RO          335    .ARM.Collect$$libinit$$0000002C  c_w.l(libinit2.o)
    0x00000486   0x00000000   Code   RO          337    .ARM.Collect$$libinit$$0000002E  c_w.l(libinit2.o)
    0x00000486   0x00000000   Code   RO          339    .ARM.Collect$$libinit$$00000030  c_w.l(libinit2.o)
    0x00000486   0x00000000   Code   RO          341    .ARM.Collect$$libinit$$00000032  c_w.l(libinit2.o)
    0x00000486   0x00000002   Code   RO          342    .ARM.Collect$$libinit$$00000033  c_w.l(libinit2.o)
    0x00000488   0x00000002   Code   RO          362    .ARM.Collect$$libshutdown$$00000000  c_w.l(libshutdown.o)
    0x0000048a   0x00000000   Code   RO          375    .ARM.Collect$$libshutdown$$00000002  c_w.l(libshutdown2.o)
    0x0000048a   0x00000000   Code   RO          377    .ARM.Collect$$libshutdown$$00000004  c_w.l(libshutdown2.o)
    0x0000048a   0x00000000   Code   RO          380    .ARM.Collect$$libshutdown$$00000007  c_w.l(libshutdown2.o)
    0x0000048a   0x00000000   Code   RO          383    .ARM.Collect$$libshutdown$$0000000A  c_w.l(libshutdown2.o)
    0x0000048a   0x00000000   Code   RO          385    .ARM.Collect$$libshutdown$$0000000C  c_w.l(libshutdown2.o)
    0x0000048a   0x00000000   Code   RO          388    .ARM.Collect$$libshutdown$$0000000F  c_w.l(libshutdown2.o)
    0x0000048a   0x00000002   Code   RO          389    .ARM.Collect$$libshutdown$$00000010  c_w.l(libshutdown2.o)
    0x0000048c   0x00000000   Code   RO          267    .ARM.Collect$$rtentry$$00000000  c_w.l(__rtentry.o)
    0x0000048c   0x00000000   Code   RO          269    .ARM.Collect$$rtentry$$00000002  c_w.l(__rtentry2.o)
    0x0000048c   0x00000006   Code   RO          281    .ARM.Collect$$rtentry$$00000004  c_w.l(__rtentry4.o)
    0x00000492   0x00000000   Code   RO          271    .ARM.Collect$$rtentry$$00000009  c_w.l(__rtentry2.o)
    0x00000492   0x00000004   Code   RO          272    .ARM.Collect$$rtentry$$0000000A  c_w.l(__rtentry2.o)
    0x00000496   0x00000000   Code   RO          274    .ARM.Collect$$rtentry$$0000000C  c_w.l(__rtentry2.o)
    0x00000496   0x00000008   Code   RO          275    .ARM.Collect$$rtentry$$0000000D  c_w.l(__rtentry2.o)
    0x0000049e   0x00000002   Code   RO          296    .ARM.Collect$$rtexit$$00000000  c_w.l(rtexit.o)
    0x000004a0   0x00000000   Code   RO          344    .ARM.Collect$$rtexit$$00000002  c_w.l(rtexit2.o)
    0x000004a0   0x00000004   Code   RO          345    .ARM.Collect$$rtexit$$00000003  c_w.l(rtexit2.o)
    0x000004a4   0x00000006   Code   RO          346    .ARM.Collect$$rtexit$$00000004  c_w.l(rtexit2.o)
    0x000004aa   0x00000002   PAD
    0x000004ac   0x0000003c   Code   RO          215  * .text               startup_mk20d7.o
    0x000004e8   0x00000006   Code   RO          263    .text               c_w.l(heapauxi.o)
    0x000004ee   0x0000004a   Code   RO          283    .text               c_w.l(sys_stackheap_outer.o)
    0x00000538   0x00000012   Code   RO          285    .text               c_w.l(exit.o)
    0x0000054a   0x00000002   PAD
    0x0000054c   0x00000008   Code   RO          293    .text               c_w.l(libspace.o)
    0x00000554   0x0000000c   Code   RO          354    .text               c_w.l(sys_exit.o)
    0x00000560   0x00000002   Code   RO          365    .text               c_w.l(use_no_semi.o)
    0x00000562   0x00000000   Code   RO          367    .text               c_w.l(indicate_semi.o)
    0x00000562   0x00000002   PAD
    0x00000564   0x00000034   Code   RO          101    i.ADC0_Init         drivers.o
    0x00000598   0x0000002c   Code   RO          102    i.ADC0_Read         drivers.o
    0x000005c4   0x00000200   Code   RO            4    i.FTM0_IRQHandler   main.o
    0x000007c4   0x00000040   Code   RO          104    i.LED_Init          drivers.o
    0x00000804   0x00000018   Code   RO          105    i.LED_Off           drivers.o
    0x0000081c   0x00000018   Code   RO          106    i.LED_On            drivers.o
    0x00000834   0x000000e0   Code   RO          108    i.Output_Init       drivers.o
    0x00000914   0x000000ec   Code   RO            5    i.PORTC_IRQHandler  main.o
    0x00000a00   0x00000084   Code   RO          109    i.Switch_Init       drivers.o
    0x00000a84   0x0000004c   Code   RO            6    i.SysTick_Handler   main.o
    0x00000ad0   0x0000001c   Code   RO          225    i.SystemInit        system_mk20d7.o
    0x00000aec   0x0000005c   Code   RO          110    i.UART0_Init        drivers.o
    0x00000b48   0x00000010   Code   RO            7    i.UART0_RX_TX_IRQHandler  main.o
    0x00000b58   0x00000018   Code   RO          112    i.UART0_send        drivers.o
    0x00000b70   0x0000001a   Code   RO          115    i.__NVIC_EnableIRQ  drivers.o
    0x00000b8a   0x00000002   PAD
    0x00000b8c   0x000000f0   Code   RO            8    i.main              main.o
    0x00000c7c   0x00000017   Data   RO          116    .constdata          drivers.o
    0x00000c93   0x00000001   PAD
    0x00000c94   0x00000020   Data   RO          420    Region$$Table       anon$$obj.o


    Execution Region ER_RW (Base: 0x20000000, Size: 0x0000001c, Max: 0xffffffff, ABSOLUTE)

    Base Addr    Size         Type   Attr      Idx    E Section Name        Object

    0x20000000   0x00000018   Data   RW           10    .data               main.o
    0x20000018   0x00000004   Data   RW          226    .data               system_mk20d7.o


    Execution Region ER_ZI (Base: 0x2000001c, Size: 0x000004e4, Max: 0xffffffff, ABSOLUTE)

    Base Addr    Size         Type   Attr      Idx    E Section Name        Object

    0x2000001c   0x00000082   Zero   RW            9    .bss                main.o
    0x2000009e   0x00000002   PAD
    0x200000a0   0x00000060   Zero   RW          294    .bss                c_w.l(libspace.o)
    0x20000100   0x00000000   Zero   RW          212    HEAP                startup_mk20d7.o
    0x20000100   0x00000400   Zero   RW          211    STACK               startup_mk20d7.o


==============================================================================

Image component sizes


      Code (inc. data)   RO Data    RW Data    ZI Data      Debug   Object Name

       706        100         23          0          0      30699   drivers.o
      1080         82          0         24        130     235152   main.o
        76         38       1024          0       1024       1016   startup_mk20d7.o
        28          6          0          4          0        683   system_mk20d7.o

    ----------------------------------------------------------------------
      1892        226       1080         28       1156     267550   Object Totals
         0          0         32          0          0          0   (incl. Generated)
         2          0          1          0          2          0   (incl. Padding)

    ----------------------------------------------------------------------

      Code (inc. data)   RO Data    RW Data    ZI Data      Debug   Library Member Name

         8          0          0          0          0         68   __main.o
         0          0          0          0          0          0   __rtentry.o
        12          0          0          0          0          0   __rtentry2.o
         6          0          0          0          0          0   __rtentry4.o
        52          8          0          0          0          0   __scatter.o
        26          0          0          0          0          0   __scatter_copy.o
        28          0          0          0          0          0   __scatter_zi.o
        18          0          0          0          0         80   exit.o
         6          0          0          0          0        152   heapauxi.o
         0          0          0          0          0          0   indicate_semi.o
         2          0          0          0          0          0   libinit.o
         2          0          0          0          0          0   libinit2.o
         2          0          0          0          0          0   libshutdown.o
         2          0          0          0          0          0   libshutdown2.o
         8          4          0          0         96         68   libspace.o
         2          0          0          0          0          0   rtexit.o
        10          0          0          0          0          0   rtexit2.o
        12          4          0          0          0         68   sys_exit.o
        74          0          0          0          0         80   sys_stackheap_outer.o
         2          0          0          0          0         68   use_no_semi.o

    ----------------------------------------------------------------------
       280         16          0          0         96        584   Library Totals
         8          0          0          0          0          0   (incl. Padding)

    ----------------------------------------------------------------------

      Code (inc. data)   RO Data    RW Data    ZI Data      Debug   Library Name

       272         16          0          0         96        584   c_w.l

    ----------------------------------------------------------------------
       280         16          0          0         96        584   Library Totals

    ----------------------------------------------------------------------

==============================================================================


      Code (inc. data)   RO Data    RW Data    ZI Data      Debug   

      2172        242       1080         28       1252     267246   Grand Totals
      2172        242       1080         28       1252     267246   ELF Image Totals
      2172        242       1080         28          0          0   ROM Totals

==============================================================================

    Total RO  Size (Code + RO Data)                 3252 (   3.18kB)
    Total RW  Size (RW Data + ZI Data)              1280 (   1.25kB)
    Total ROM Size (Code + RO Data + RW Data)       3280 (   3.20kB)

==============================================================================

