Component: ARM Compiler 5.06 update 1 (build 61) Tool: armlink [4d35a8]

==============================================================================

Section Cross References

    main.o(i.PORTC_IRQHandler) refers to drivers.o(i.UART0_putString) for UART0_putString
    main.o(i.PORTC_IRQHandler) refers to easyvr.o(i.EasyVR_Start) for EasyVR_Start
    main.o(i.PORTC_IRQHandler) refers to main.o(.data) for i
    main.o(i.SysTick_Handler) refers to drivers.o(i.LED_Toggle) for LED_Toggle
    main.o(i.SysTick_Handler) refers to drivers.o(i.ADC0_Read) for ADC0_Read
    main.o(i.SysTick_Handler) refers to fflt_clz.o(x$fpl$fflt) for __aeabi_i2f
    main.o(i.SysTick_Handler) refers to fmul.o(x$fpl$fmul) for __aeabi_fmul
    main.o(i.SysTick_Handler) refers to fdiv.o(x$fpl$fdiv) for __aeabi_fdiv
    main.o(i.SysTick_Handler) refers to main.o(.bss) for ulValue
    main.o(i.SysTick_Handler) refers to main.o(.data) for E1_Voltage
    main.o(i.UART2_RX_TX_IRQHandler) refers to easyvr.o(i.EasyVR_Read) for EasyVR_Read
    main.o(i.UART2_RX_TX_IRQHandler) refers to drivers.o(i.UART0_putString) for UART0_putString
    main.o(i.UART2_RX_TX_IRQHandler) refers to easyvr.o(i.EasyVR_Speech) for EasyVR_Speech
    main.o(i.UART2_RX_TX_IRQHandler) refers to main.o(.data) for status_state
    main.o(i.main) refers to arm_fill_f32.o(.text) for arm_fill_f32
    main.o(i.main) refers to arm_float_to_q31.o(.text) for arm_float_to_q31
    main.o(i.main) refers to arm_fir_init_f32.o(.text) for arm_fir_init_f32
    main.o(i.main) refers to arm_fir_init_q31.o(.text) for arm_fir_init_q31
    main.o(i.main) refers to drivers.o(i.Switch_Init) for Switch_Init
    main.o(i.main) refers to drivers.o(i.LED_Init) for LED_Init
    main.o(i.main) refers to drivers.o(i.FTM0_Init) for FTM0_Init
    main.o(i.main) refers to drivers.o(i.FTM1_Init) for FTM1_Init
    main.o(i.main) refers to drivers.o(i.ADC0_Init) for ADC0_Init
    main.o(i.main) refers to drivers.o(i.UART0_Init) for UART0_Init
    main.o(i.main) refers to drivers.o(i.UART2_Init) for UART2_Init
    main.o(i.main) refers to drivers.o(i.LED_Off) for LED_Off
    main.o(i.main) refers to easyvr.o(i.EasyVR_Init) for EasyVR_Init
    main.o(i.main) refers to arm_abs_f32.o(.text) for arm_abs_f32
    main.o(i.main) refers to arm_fir_f32.o(.text) for arm_fir_f32
    main.o(i.main) refers to arm_abs_q31.o(.text) for arm_abs_q31
    main.o(i.main) refers to arm_fir_q31.o(.text) for arm_fir_q31
    main.o(i.main) refers to arm_q31_to_float.o(.text) for arm_q31_to_float
    main.o(i.main) refers to arm_mean_f32.o(.text) for arm_mean_f32
    main.o(i.main) refers to arm_mean_q31.o(.text) for arm_mean_q31
    main.o(i.main) refers to fflt_clz.o(x$fpl$fflt) for __aeabi_i2f
    main.o(i.main) refers to fdiv.o(x$fpl$fdiv) for __aeabi_fdiv
    main.o(i.main) refers to main.o(.bss) for samples1
    main.o(i.main) refers to main.o(.data) for H
    main.o(i.main) refers to system_mk20d7.o(.data) for SystemCoreClock
    drivers.o(i.ADC0_Read) refers to drivers.o(.constdata) for channel2sc1a
    drivers.o(i.Switch_Init) refers to drivers.o(i.NVIC_EnableIRQ) for NVIC_EnableIRQ
    drivers.o(i.UART0_Init) refers to drivers.o(i.NVIC_EnableIRQ) for NVIC_EnableIRQ
    drivers.o(i.UART0_putString) refers to drivers.o(i.UART0_send) for UART0_send
    drivers.o(i.UART2_Init) refers to drivers.o(i.NVIC_EnableIRQ) for NVIC_EnableIRQ
    drivers.o(i.UART2_putString) refers to drivers.o(i.UART2_send) for UART2_send
    easyvr.o(i.EasyVR_Init) refers to drivers.o(i.UART2_send) for UART2_send
    easyvr.o(i.EasyVR_Read) refers to drivers.o(i.UART2_send) for UART2_send
    easyvr.o(i.EasyVR_Start) refers to drivers.o(i.UART2_send) for UART2_send
    startup_mk20d7.o(STACK) refers (Special) to heapauxi.o(.text) for __use_two_region_memory
    startup_mk20d7.o(HEAP) refers (Special) to heapauxi.o(.text) for __use_two_region_memory
    startup_mk20d7.o(RESET) refers (Special) to heapauxi.o(.text) for __use_two_region_memory
    startup_mk20d7.o(RESET) refers to startup_mk20d7.o(STACK) for __initial_sp
    startup_mk20d7.o(RESET) refers to startup_mk20d7.o(.text) for Reset_Handler
    startup_mk20d7.o(RESET) refers to main.o(i.SysTick_Handler) for SysTick_Handler
    startup_mk20d7.o(RESET) refers to main.o(i.UART0_RX_TX_IRQHandler) for UART0_RX_TX_IRQHandler
    startup_mk20d7.o(RESET) refers to main.o(i.UART2_RX_TX_IRQHandler) for UART2_RX_TX_IRQHandler
    startup_mk20d7.o(RESET) refers to main.o(i.PORTC_IRQHandler) for PORTC_IRQHandler
    startup_mk20d7.o(.ARM.__at_0x400) refers (Special) to heapauxi.o(.text) for __use_two_region_memory
    startup_mk20d7.o(.text) refers (Special) to heapauxi.o(.text) for __use_two_region_memory
    startup_mk20d7.o(.text) refers to system_mk20d7.o(i.SystemInit) for SystemInit
    startup_mk20d7.o(.text) refers to __main.o(!!!main) for __main
    startup_mk20d7.o(.text) refers to startup_mk20d7.o(HEAP) for Heap_Mem
    startup_mk20d7.o(.text) refers to startup_mk20d7.o(STACK) for Stack_Mem
    arm_fir_f32.o(.text) refers to fmul.o(x$fpl$fmul) for __aeabi_fmul
    arm_fir_f32.o(.text) refers to faddsub_clz.o(x$fpl$fadd) for __aeabi_fadd
    arm_fir_init_f32.o(.text) refers to rt_memclr_w.o(.text) for __aeabi_memclr4
    arm_fir_init_q31.o(.text) refers to rt_memclr_w.o(.text) for __aeabi_memclr4
    arm_mean_f32.o(.text) refers to faddsub_clz.o(x$fpl$fadd) for __aeabi_fadd
    arm_mean_f32.o(.text) refers to fflt_clz.o(x$fpl$ffltu) for __aeabi_ui2f
    arm_mean_f32.o(.text) refers to fdiv.o(x$fpl$fdiv) for __aeabi_fdiv
    arm_mean_q31.o(.text) refers to llsdiv.o(.text) for __aeabi_ldivmod
    arm_float_to_q31.o(.text) refers to scalbnf.o(x$fpl$scalbnf) for __ARM_scalbnf
    arm_float_to_q31.o(.text) refers to faddsub_clz.o(x$fpl$fadd) for __aeabi_fadd
    arm_float_to_q31.o(.text) refers to ffixll.o(x$fpl$llsfromf) for __aeabi_f2lz
    arm_q31_to_float.o(.text) refers to fflt_clz.o(x$fpl$fflt) for __aeabi_i2f
    arm_q31_to_float.o(.text) refers to scalbnf.o(x$fpl$scalbnf) for __ARM_scalbnf
    llsdiv.o(.text) refers to lludivv7m.o(.text) for __aeabi_uldivmod
    __main.o(!!!main) refers to __rtentry.o(.ARM.Collect$$rtentry$$00000000) for __rt_entry
    faddsub_clz.o(x$fpl$fadd) refers (Special) to usenofp.o(x$fpl$usenofp) for __I$use$fp
    faddsub_clz.o(x$fpl$fadd) refers to faddsub_clz.o(x$fpl$fsub) for _fsub1
    faddsub_clz.o(x$fpl$fadd) refers to fretinf.o(x$fpl$fretinf) for __fpl_fretinf
    faddsub_clz.o(x$fpl$fadd) refers to fnaninf.o(x$fpl$fnaninf) for __fpl_fnaninf
    faddsub_clz.o(x$fpl$frsb) refers (Special) to usenofp.o(x$fpl$usenofp) for __I$use$fp
    faddsub_clz.o(x$fpl$frsb) refers to faddsub_clz.o(x$fpl$fadd) for _fadd1
    faddsub_clz.o(x$fpl$frsb) refers to faddsub_clz.o(x$fpl$fsub) for _fsub1
    faddsub_clz.o(x$fpl$fsub) refers (Special) to usenofp.o(x$fpl$usenofp) for __I$use$fp
    faddsub_clz.o(x$fpl$fsub) refers to faddsub_clz.o(x$fpl$fadd) for _fadd1
    faddsub_clz.o(x$fpl$fsub) refers to fnaninf.o(x$fpl$fnaninf) for __fpl_fnaninf
    fdiv.o(x$fpl$frdiv) refers (Special) to usenofp.o(x$fpl$usenofp) for __I$use$fp
    fdiv.o(x$fpl$frdiv) refers to fdiv.o(x$fpl$fdiv) for _fdiv1
    fdiv.o(x$fpl$fdiv) refers (Special) to usenofp.o(x$fpl$usenofp) for __I$use$fp
    fdiv.o(x$fpl$fdiv) refers to fretinf.o(x$fpl$fretinf) for __fpl_fretinf
    fdiv.o(x$fpl$fdiv) refers to fnaninf.o(x$fpl$fnaninf) for __fpl_fnaninf
    ffixll.o(x$fpl$llsfromf) refers (Special) to usenofp.o(x$fpl$usenofp) for __I$use$fp
    ffixll.o(x$fpl$llsfromf) refers to fnaninf.o(x$fpl$fnaninf) for __fpl_fnaninf
    ffixll.o(x$fpl$llsfromfr) refers (Special) to usenofp.o(x$fpl$usenofp) for __I$use$fp
    ffixll.o(x$fpl$llsfromfr) refers to fnaninf.o(x$fpl$fnaninf) for __fpl_fnaninf
    fflt_clz.o(x$fpl$ffltu) refers (Special) to usenofp.o(x$fpl$usenofp) for __I$use$fp
    fflt_clz.o(x$fpl$fflt) refers (Special) to usenofp.o(x$fpl$usenofp) for __I$use$fp
    fflt_clz.o(x$fpl$ffltn) refers (Special) to usenofp.o(x$fpl$usenofp) for __I$use$fp
    fmul.o(x$fpl$fmul) refers (Special) to usenofp.o(x$fpl$usenofp) for __I$use$fp
    fmul.o(x$fpl$fmul) refers to fretinf.o(x$fpl$fretinf) for __fpl_fretinf
    fmul.o(x$fpl$fmul) refers to fnaninf.o(x$fpl$fnaninf) for __fpl_fnaninf
    scalbnf.o(x$fpl$scalbnf) refers (Special) to usenofp.o(x$fpl$usenofp) for __I$use$fp
    scalbnf.o(x$fpl$scalbnf) refers to fcheck1.o(x$fpl$fcheck1) for __fpl_fcheck_NaN1
    __rtentry.o(.ARM.Collect$$rtentry$$00000000) refers (Special) to __rtentry2.o(.ARM.Collect$$rtentry$$0000000A) for __rt_entry_li
    __rtentry.o(.ARM.Collect$$rtentry$$00000000) refers (Special) to __rtentry2.o(.ARM.Collect$$rtentry$$0000000D) for __rt_entry_main
    __rtentry.o(.ARM.Collect$$rtentry$$00000000) refers (Special) to __rtentry2.o(.ARM.Collect$$rtentry$$0000000C) for __rt_entry_postli_1
    __rtentry.o(.ARM.Collect$$rtentry$$00000000) refers (Special) to __rtentry2.o(.ARM.Collect$$rtentry$$00000009) for __rt_entry_postsh_1
    __rtentry.o(.ARM.Collect$$rtentry$$00000000) refers (Special) to __rtentry2.o(.ARM.Collect$$rtentry$$00000002) for __rt_entry_presh_1
    __rtentry.o(.ARM.Collect$$rtentry$$00000000) refers (Special) to __rtentry4.o(.ARM.Collect$$rtentry$$00000004) for __rt_entry_sh
    fcheck1.o(x$fpl$fcheck1) refers (Special) to usenofp.o(x$fpl$usenofp) for __I$use$fp
    fcheck1.o(x$fpl$fcheck1) refers to retnan.o(x$fpl$retnan) for __fpl_return_NaN
    fnaninf.o(x$fpl$fnaninf) refers (Special) to usenofp.o(x$fpl$usenofp) for __I$use$fp
    fretinf.o(x$fpl$fretinf) refers (Special) to usenofp.o(x$fpl$usenofp) for __I$use$fp
    __rtentry2.o(.ARM.Collect$$rtentry$$00000008) refers to boardinit2.o(.text) for _platform_post_stackheap_init
    __rtentry2.o(.ARM.Collect$$rtentry$$0000000A) refers to libinit.o(.ARM.Collect$$libinit$$00000000) for __rt_lib_init
    __rtentry2.o(.ARM.Collect$$rtentry$$0000000B) refers to boardinit3.o(.text) for _platform_post_lib_init
    __rtentry2.o(.ARM.Collect$$rtentry$$0000000D) refers to main.o(i.main) for main
    __rtentry2.o(.ARM.Collect$$rtentry$$0000000D) refers to exit.o(.text) for exit
    __rtentry2.o(.ARM.exidx) refers to __rtentry2.o(.ARM.Collect$$rtentry$$00000001) for .ARM.Collect$$rtentry$$00000001
    __rtentry2.o(.ARM.exidx) refers to __rtentry2.o(.ARM.Collect$$rtentry$$00000008) for .ARM.Collect$$rtentry$$00000008
    __rtentry2.o(.ARM.exidx) refers to __rtentry2.o(.ARM.Collect$$rtentry$$0000000A) for .ARM.Collect$$rtentry$$0000000A
    __rtentry2.o(.ARM.exidx) refers to __rtentry2.o(.ARM.Collect$$rtentry$$0000000B) for .ARM.Collect$$rtentry$$0000000B
    __rtentry2.o(.ARM.exidx) refers to __rtentry2.o(.ARM.Collect$$rtentry$$0000000D) for .ARM.Collect$$rtentry$$0000000D
    __rtentry4.o(.ARM.Collect$$rtentry$$00000004) refers to sys_stackheap_outer.o(.text) for __user_setup_stackheap
    __rtentry4.o(.ARM.exidx) refers to __rtentry4.o(.ARM.Collect$$rtentry$$00000004) for .ARM.Collect$$rtentry$$00000004
    aeabi_ldiv0_sigfpe.o(.text) refers to rt_div0.o(.text) for __rt_div0
    retnan.o(x$fpl$retnan) refers (Special) to usenofp.o(x$fpl$usenofp) for __I$use$fp
    retnan.o(x$fpl$retnan) refers to trapv.o(x$fpl$trapveneer) for __fpl_cmpreturn
    sys_stackheap_outer.o(.text) refers to libspace.o(.text) for __user_perproc_libspace
    sys_stackheap_outer.o(.text) refers to startup_mk20d7.o(.text) for __user_initial_stackheap
    rt_div0.o(.text) refers to defsig_fpe_outer.o(.text) for __rt_SIGFPE
    exit.o(.text) refers to rtexit.o(.ARM.Collect$$rtexit$$00000000) for __rt_exit
    libinit.o(.ARM.Collect$$libinit$$00000000) refers (Special) to libinit2.o(.ARM.Collect$$libinit$$0000002E) for __rt_lib_init_alloca_1
    libinit.o(.ARM.Collect$$libinit$$00000000) refers (Special) to libinit2.o(.ARM.Collect$$libinit$$0000002C) for __rt_lib_init_argv_1
    libinit.o(.ARM.Collect$$libinit$$00000000) refers (Special) to libinit2.o(.ARM.Collect$$libinit$$0000001B) for __rt_lib_init_atexit_1
    libinit.o(.ARM.Collect$$libinit$$00000000) refers (Special) to libinit2.o(.ARM.Collect$$libinit$$00000021) for __rt_lib_init_clock_1
    libinit.o(.ARM.Collect$$libinit$$00000000) refers (Special) to libinit2.o(.ARM.Collect$$libinit$$00000032) for __rt_lib_init_cpp_1
    libinit.o(.ARM.Collect$$libinit$$00000000) refers (Special) to libinit2.o(.ARM.Collect$$libinit$$00000030) for __rt_lib_init_exceptions_1
    libinit.o(.ARM.Collect$$libinit$$00000000) refers (Special) to libinit2.o(.ARM.Collect$$libinit$$00000002) for __rt_lib_init_fp_1
    libinit.o(.ARM.Collect$$libinit$$00000000) refers (Special) to libinit2.o(.ARM.Collect$$libinit$$0000001F) for __rt_lib_init_fp_trap_1
    libinit.o(.ARM.Collect$$libinit$$00000000) refers (Special) to libinit2.o(.ARM.Collect$$libinit$$00000023) for __rt_lib_init_getenv_1
    libinit.o(.ARM.Collect$$libinit$$00000000) refers (Special) to libinit2.o(.ARM.Collect$$libinit$$0000000A) for __rt_lib_init_heap_1
    libinit.o(.ARM.Collect$$libinit$$00000000) refers (Special) to libinit2.o(.ARM.Collect$$libinit$$00000011) for __rt_lib_init_lc_collate_1
    libinit.o(.ARM.Collect$$libinit$$00000000) refers (Special) to libinit2.o(.ARM.Collect$$libinit$$00000013) for __rt_lib_init_lc_ctype_1
    libinit.o(.ARM.Collect$$libinit$$00000000) refers (Special) to libinit2.o(.ARM.Collect$$libinit$$00000015) for __rt_lib_init_lc_monetary_1
    libinit.o(.ARM.Collect$$libinit$$00000000) refers (Special) to libinit2.o(.ARM.Collect$$libinit$$00000017) for __rt_lib_init_lc_numeric_1
    libinit.o(.ARM.Collect$$libinit$$00000000) refers (Special) to libinit2.o(.ARM.Collect$$libinit$$00000019) for __rt_lib_init_lc_time_1
    libinit.o(.ARM.Collect$$libinit$$00000000) refers (Special) to libinit2.o(.ARM.Collect$$libinit$$00000004) for __rt_lib_init_preinit_1
    libinit.o(.ARM.Collect$$libinit$$00000000) refers (Special) to libinit2.o(.ARM.Collect$$libinit$$0000000E) for __rt_lib_init_rand_1
    libinit.o(.ARM.Collect$$libinit$$00000000) refers (Special) to libinit2.o(.ARM.Collect$$libinit$$00000033) for __rt_lib_init_return
    libinit.o(.ARM.Collect$$libinit$$00000000) refers (Special) to libinit2.o(.ARM.Collect$$libinit$$0000001D) for __rt_lib_init_signal_1
    libinit.o(.ARM.Collect$$libinit$$00000000) refers (Special) to libinit2.o(.ARM.Collect$$libinit$$00000025) for __rt_lib_init_stdio_1
    libinit.o(.ARM.Collect$$libinit$$00000000) refers (Special) to libinit2.o(.ARM.Collect$$libinit$$0000000C) for __rt_lib_init_user_alloc_1
    trapv.o(x$fpl$trapveneer) refers (Special) to usenofp.o(x$fpl$usenofp) for __I$use$fp
    libspace.o(.text) refers to libspace.o(.bss) for __libspace_start
    rtexit.o(.ARM.Collect$$rtexit$$00000000) refers (Special) to rtexit2.o(.ARM.Collect$$rtexit$$00000004) for __rt_exit_exit
    rtexit.o(.ARM.Collect$$rtexit$$00000000) refers (Special) to rtexit2.o(.ARM.Collect$$rtexit$$00000003) for __rt_exit_ls
    rtexit.o(.ARM.Collect$$rtexit$$00000000) refers (Special) to rtexit2.o(.ARM.Collect$$rtexit$$00000002) for __rt_exit_prels_1
    rtexit.o(.ARM.exidx) refers (Special) to rtexit2.o(.ARM.Collect$$rtexit$$00000004) for __rt_exit_exit
    rtexit.o(.ARM.exidx) refers (Special) to rtexit2.o(.ARM.Collect$$rtexit$$00000003) for __rt_exit_ls
    rtexit.o(.ARM.exidx) refers (Special) to rtexit2.o(.ARM.Collect$$rtexit$$00000002) for __rt_exit_prels_1
    rtexit.o(.ARM.exidx) refers to rtexit.o(.ARM.Collect$$rtexit$$00000000) for .ARM.Collect$$rtexit$$00000000
    defsig_fpe_outer.o(.text) refers to defsig_fpe_inner.o(.text) for __rt_SIGFPE_inner
    defsig_fpe_outer.o(.text) refers to defsig_exit.o(.text) for __sig_exit
    defsig_fpe_formal.o(.text) refers to rt_raise.o(.text) for __rt_raise
    libinit2.o(.ARM.Collect$$libinit$$00000010) refers to libinit2.o(.ARM.Collect$$libinit$$0000000F) for .ARM.Collect$$libinit$$0000000F
    libinit2.o(.ARM.Collect$$libinit$$00000012) refers to libinit2.o(.ARM.Collect$$libinit$$0000000F) for .ARM.Collect$$libinit$$0000000F
    libinit2.o(.ARM.Collect$$libinit$$00000014) refers to libinit2.o(.ARM.Collect$$libinit$$0000000F) for .ARM.Collect$$libinit$$0000000F
    libinit2.o(.ARM.Collect$$libinit$$00000016) refers to libinit2.o(.ARM.Collect$$libinit$$0000000F) for .ARM.Collect$$libinit$$0000000F
    libinit2.o(.ARM.Collect$$libinit$$00000018) refers to libinit2.o(.ARM.Collect$$libinit$$0000000F) for .ARM.Collect$$libinit$$0000000F
    libinit2.o(.ARM.Collect$$libinit$$00000026) refers to argv_veneer.o(.emb_text) for __ARM_argv_veneer
    libinit2.o(.ARM.Collect$$libinit$$00000027) refers to argv_veneer.o(.emb_text) for __ARM_argv_veneer
    rtexit2.o(.ARM.Collect$$rtexit$$00000003) refers to libshutdown.o(.ARM.Collect$$libshutdown$$00000000) for __rt_lib_shutdown
    rtexit2.o(.ARM.Collect$$rtexit$$00000004) refers to sys_exit.o(.text) for _sys_exit
    rtexit2.o(.ARM.exidx) refers to rtexit2.o(.ARM.Collect$$rtexit$$00000001) for .ARM.Collect$$rtexit$$00000001
    rtexit2.o(.ARM.exidx) refers to rtexit2.o(.ARM.Collect$$rtexit$$00000003) for .ARM.Collect$$rtexit$$00000003
    rtexit2.o(.ARM.exidx) refers to rtexit2.o(.ARM.Collect$$rtexit$$00000004) for .ARM.Collect$$rtexit$$00000004
    rt_raise.o(.text) refers to __raise.o(.text) for __raise
    rt_raise.o(.text) refers to sys_exit.o(.text) for _sys_exit
    defsig_exit.o(.text) refers to sys_exit.o(.text) for _sys_exit
    defsig_fpe_inner.o(.text) refers to defsig_general.o(.text) for __default_signal_display
    argv_veneer.o(.emb_text) refers to no_argv.o(.text) for __ARM_get_argv
    sys_exit.o(.text) refers (Special) to use_no_semi.o(.text) for __I$use$semihosting
    sys_exit.o(.text) refers (Special) to indicate_semi.o(.text) for __semihosting_library_function
    __raise.o(.text) refers to defsig.o(CL$$defsig) for __default_signal_handler
    defsig_general.o(.text) refers to sys_wrch.o(.text) for _ttywrch
    _get_argv_nomalloc.o(.text) refers (Special) to hrguard.o(.text) for __heap_region$guard
    _get_argv_nomalloc.o(.text) refers to defsig_rtmem_outer.o(.text) for __rt_SIGRTMEM
    _get_argv_nomalloc.o(.text) refers to sys_command.o(.text) for _sys_command_string
    libshutdown.o(.ARM.Collect$$libshutdown$$00000000) refers (Special) to libshutdown2.o(.ARM.Collect$$libshutdown$$00000002) for __rt_lib_shutdown_cpp_1
    libshutdown.o(.ARM.Collect$$libshutdown$$00000000) refers (Special) to libshutdown2.o(.ARM.Collect$$libshutdown$$00000007) for __rt_lib_shutdown_fp_trap_1
    libshutdown.o(.ARM.Collect$$libshutdown$$00000000) refers (Special) to libshutdown2.o(.ARM.Collect$$libshutdown$$0000000F) for __rt_lib_shutdown_heap_1
    libshutdown.o(.ARM.Collect$$libshutdown$$00000000) refers (Special) to libshutdown2.o(.ARM.Collect$$libshutdown$$00000010) for __rt_lib_shutdown_return
    libshutdown.o(.ARM.Collect$$libshutdown$$00000000) refers (Special) to libshutdown2.o(.ARM.Collect$$libshutdown$$0000000A) for __rt_lib_shutdown_signal_1
    libshutdown.o(.ARM.Collect$$libshutdown$$00000000) refers (Special) to libshutdown2.o(.ARM.Collect$$libshutdown$$00000004) for __rt_lib_shutdown_stdio_1
    libshutdown.o(.ARM.Collect$$libshutdown$$00000000) refers (Special) to libshutdown2.o(.ARM.Collect$$libshutdown$$0000000C) for __rt_lib_shutdown_user_alloc_1
    sys_wrch.o(.text) refers (Special) to use_no_semi.o(.text) for __I$use$semihosting
    sys_wrch.o(.text) refers (Special) to indicate_semi.o(.text) for __semihosting_library_function
    sys_command.o(.text) refers (Special) to use_no_semi.o(.text) for __I$use$semihosting
    sys_command.o(.text) refers (Special) to indicate_semi.o(.text) for __semihosting_library_function
    defsig_rtmem_outer.o(.text) refers to defsig_rtmem_inner.o(.text) for __rt_SIGRTMEM_inner
    defsig_rtmem_outer.o(.text) refers to defsig_exit.o(.text) for __sig_exit
    defsig_rtmem_formal.o(.text) refers to rt_raise.o(.text) for __rt_raise
    defsig.o(CL$$defsig) refers to defsig_fpe_inner.o(.text) for __rt_SIGFPE_inner
    defsig.o(CL$$defsig) refers to defsig_rtmem_inner.o(.text) for __rt_SIGRTMEM_inner
    defsig_abrt_inner.o(.text) refers to defsig_general.o(.text) for __default_signal_display
    defsig_rtred_inner.o(.text) refers to defsig_general.o(.text) for __default_signal_display
    defsig_rtmem_inner.o(.text) refers to defsig_general.o(.text) for __default_signal_display
    defsig_stak_inner.o(.text) refers to defsig_general.o(.text) for __default_signal_display
    defsig_pvfn_inner.o(.text) refers to defsig_general.o(.text) for __default_signal_display
    defsig_cppl_inner.o(.text) refers to defsig_general.o(.text) for __default_signal_display
    defsig_segv_inner.o(.text) refers to defsig_general.o(.text) for __default_signal_display
    defsig_other.o(.text) refers to defsig_general.o(.text) for __default_signal_display


==============================================================================

Removing Unused input sections from the image.

    Removing main.o(.rev16_text), (4 bytes).
    Removing main.o(.revsh_text), (4 bytes).
    Removing main.o(.rrx_text), (6 bytes).
    Removing drivers.o(.rev16_text), (4 bytes).
    Removing drivers.o(.revsh_text), (4 bytes).
    Removing drivers.o(.rrx_text), (6 bytes).
    Removing drivers.o(i.LED_On), (24 bytes).
    Removing drivers.o(i.UART2_putString), (22 bytes).
    Removing system_mk20d7.o(.rev16_text), (4 bytes).
    Removing system_mk20d7.o(.revsh_text), (4 bytes).
    Removing system_mk20d7.o(.rrx_text), (6 bytes).
    Removing system_mk20d7.o(i.SystemCoreClockUpdate), (2 bytes).
    Removing arm_abs_f32.o(.rev16_text), (4 bytes).
    Removing arm_abs_f32.o(.revsh_text), (4 bytes).
    Removing arm_abs_f32.o(.rrx_text), (6 bytes).
    Removing arm_abs_q31.o(.rev16_text), (4 bytes).
    Removing arm_abs_q31.o(.revsh_text), (4 bytes).
    Removing arm_abs_q31.o(.rrx_text), (6 bytes).
    Removing arm_fir_f32.o(.rev16_text), (4 bytes).
    Removing arm_fir_f32.o(.revsh_text), (4 bytes).
    Removing arm_fir_f32.o(.rrx_text), (6 bytes).
    Removing arm_fir_init_f32.o(.rev16_text), (4 bytes).
    Removing arm_fir_init_f32.o(.revsh_text), (4 bytes).
    Removing arm_fir_init_f32.o(.rrx_text), (6 bytes).
    Removing arm_fir_init_q31.o(.rev16_text), (4 bytes).
    Removing arm_fir_init_q31.o(.revsh_text), (4 bytes).
    Removing arm_fir_init_q31.o(.rrx_text), (6 bytes).
    Removing arm_fir_q31.o(.rev16_text), (4 bytes).
    Removing arm_fir_q31.o(.revsh_text), (4 bytes).
    Removing arm_fir_q31.o(.rrx_text), (6 bytes).
    Removing arm_mean_f32.o(.rev16_text), (4 bytes).
    Removing arm_mean_f32.o(.revsh_text), (4 bytes).
    Removing arm_mean_f32.o(.rrx_text), (6 bytes).
    Removing arm_mean_q31.o(.rev16_text), (4 bytes).
    Removing arm_mean_q31.o(.revsh_text), (4 bytes).
    Removing arm_mean_q31.o(.rrx_text), (6 bytes).
    Removing arm_fill_f32.o(.rev16_text), (4 bytes).
    Removing arm_fill_f32.o(.revsh_text), (4 bytes).
    Removing arm_fill_f32.o(.rrx_text), (6 bytes).
    Removing arm_float_to_q31.o(.rev16_text), (4 bytes).
    Removing arm_float_to_q31.o(.revsh_text), (4 bytes).
    Removing arm_float_to_q31.o(.rrx_text), (6 bytes).
    Removing arm_q31_to_float.o(.rev16_text), (4 bytes).
    Removing arm_q31_to_float.o(.revsh_text), (4 bytes).
    Removing arm_q31_to_float.o(.rrx_text), (6 bytes).

45 unused section(s) (total 244 bytes) removed from the image.

==============================================================================

Image Symbol Table

    Local Symbols

    Symbol Name                              Value     Ov Type        Size  Object(Section)

    RESET                                    0x00000000   Section     1024  startup_mk20d7.o(RESET)
    ../clib/angel/boardlib.s                 0x00000000   Number         0  boardinit1.o ABSOLUTE
    ../clib/angel/boardlib.s                 0x00000000   Number         0  boardinit2.o ABSOLUTE
    ../clib/angel/boardlib.s                 0x00000000   Number         0  boardinit3.o ABSOLUTE
    ../clib/angel/boardlib.s                 0x00000000   Number         0  boardshut.o ABSOLUTE
    ../clib/angel/handlers.s                 0x00000000   Number         0  __scatter_zi.o ABSOLUTE
    ../clib/angel/handlers.s                 0x00000000   Number         0  __scatter_copy.o ABSOLUTE
    ../clib/angel/kernel.s                   0x00000000   Number         0  __rtentry4.o ABSOLUTE
    ../clib/angel/kernel.s                   0x00000000   Number         0  __rtentry2.o ABSOLUTE
    ../clib/angel/kernel.s                   0x00000000   Number         0  rtexit.o ABSOLUTE
    ../clib/angel/kernel.s                   0x00000000   Number         0  __rtentry.o ABSOLUTE
    ../clib/angel/kernel.s                   0x00000000   Number         0  rtexit2.o ABSOLUTE
    ../clib/angel/rt.s                       0x00000000   Number         0  aeabi_ldiv0_sigfpe.o ABSOLUTE
    ../clib/angel/rt.s                       0x00000000   Number         0  aeabi_ldiv0.o ABSOLUTE
    ../clib/angel/rt.s                       0x00000000   Number         0  rt_raise.o ABSOLUTE
    ../clib/angel/rt.s                       0x00000000   Number         0  rt_div0.o ABSOLUTE
    ../clib/angel/scatter.s                  0x00000000   Number         0  __scatter.o ABSOLUTE
    ../clib/angel/startup.s                  0x00000000   Number         0  __main.o ABSOLUTE
    ../clib/angel/sys.s                      0x00000000   Number         0  sys_stackheap_outer.o ABSOLUTE
    ../clib/angel/sys.s                      0x00000000   Number         0  indicate_semi.o ABSOLUTE
    ../clib/angel/sys.s                      0x00000000   Number         0  libspace.o ABSOLUTE
    ../clib/angel/sys.s                      0x00000000   Number         0  use_no_semi.o ABSOLUTE
    ../clib/angel/sysapp.c                   0x00000000   Number         0  sys_wrch.o ABSOLUTE
    ../clib/angel/sysapp.c                   0x00000000   Number         0  sys_command.o ABSOLUTE
    ../clib/angel/sysapp.c                   0x00000000   Number         0  sys_exit.o ABSOLUTE
    ../clib/armsys.c                         0x00000000   Number         0  argv_veneer.o ABSOLUTE
    ../clib/armsys.c                         0x00000000   Number         0  no_argv.o ABSOLUTE
    ../clib/armsys.c                         0x00000000   Number         0  _get_argv_nomalloc.o ABSOLUTE
    ../clib/armsys.c                         0x00000000   Number         0  argv_veneer.o ABSOLUTE
    ../clib/heapalloc.c                      0x00000000   Number         0  hrguard.o ABSOLUTE
    ../clib/heapaux.c                        0x00000000   Number         0  heapauxi.o ABSOLUTE
    ../clib/libinit.s                        0x00000000   Number         0  libshutdown2.o ABSOLUTE
    ../clib/libinit.s                        0x00000000   Number         0  libinit.o ABSOLUTE
    ../clib/libinit.s                        0x00000000   Number         0  libinit2.o ABSOLUTE
    ../clib/libinit.s                        0x00000000   Number         0  libshutdown.o ABSOLUTE
    ../clib/longlong.s                       0x00000000   Number         0  lludivv7m.o ABSOLUTE
    ../clib/longlong.s                       0x00000000   Number         0  llsdiv.o ABSOLUTE
    ../clib/memcpset.s                       0x00000000   Number         0  rt_memclr_w.o ABSOLUTE
    ../clib/signal.c                         0x00000000   Number         0  defsig_other.o ABSOLUTE
    ../clib/signal.c                         0x00000000   Number         0  defsig_cppl_inner.o ABSOLUTE
    ../clib/signal.c                         0x00000000   Number         0  defsig_pvfn_inner.o ABSOLUTE
    ../clib/signal.c                         0x00000000   Number         0  defsig_stak_inner.o ABSOLUTE
    ../clib/signal.c                         0x00000000   Number         0  defsig_rtred_inner.o ABSOLUTE
    ../clib/signal.c                         0x00000000   Number         0  defsig_abrt_inner.o ABSOLUTE
    ../clib/signal.c                         0x00000000   Number         0  defsig_general.o ABSOLUTE
    ../clib/signal.c                         0x00000000   Number         0  defsig_fpe_formal.o ABSOLUTE
    ../clib/signal.c                         0x00000000   Number         0  __raise.o ABSOLUTE
    ../clib/signal.c                         0x00000000   Number         0  defsig_fpe_inner.o ABSOLUTE
    ../clib/signal.c                         0x00000000   Number         0  defsig_rtmem_outer.o ABSOLUTE
    ../clib/signal.c                         0x00000000   Number         0  defsig_fpe_outer.o ABSOLUTE
    ../clib/signal.c                         0x00000000   Number         0  defsig_rtmem_formal.o ABSOLUTE
    ../clib/signal.c                         0x00000000   Number         0  defsig_exit.o ABSOLUTE
    ../clib/signal.c                         0x00000000   Number         0  defsig_rtmem_inner.o ABSOLUTE
    ../clib/signal.c                         0x00000000   Number         0  defsig_segv_inner.o ABSOLUTE
    ../clib/signal.s                         0x00000000   Number         0  defsig.o ABSOLUTE
    ../clib/stdlib.c                         0x00000000   Number         0  exit.o ABSOLUTE
    ../fplib/faddsub.s                       0x00000000   Number         0  faddsub_clz.o ABSOLUTE
    ../fplib/fcheck1.s                       0x00000000   Number         0  fcheck1.o ABSOLUTE
    ../fplib/fdiv.s                          0x00000000   Number         0  fdiv.o ABSOLUTE
    ../fplib/ffixll.s                        0x00000000   Number         0  ffixll.o ABSOLUTE
    ../fplib/fflt.s                          0x00000000   Number         0  fflt_clz.o ABSOLUTE
    ../fplib/fmul.s                          0x00000000   Number         0  fmul.o ABSOLUTE
    ../fplib/fnaninf.s                       0x00000000   Number         0  fnaninf.o ABSOLUTE
    ../fplib/fpinit.s                        0x00000000   Number         0  fpinit.o ABSOLUTE
    ../fplib/fretinf.s                       0x00000000   Number         0  fretinf.o ABSOLUTE
    ../fplib/retnan.s                        0x00000000   Number         0  retnan.o ABSOLUTE
    ../fplib/scalbnf.s                       0x00000000   Number         0  scalbnf.o ABSOLUTE
    ../fplib/trapv.s                         0x00000000   Number         0  trapv.o ABSOLUTE
    ../fplib/usenofp.s                       0x00000000   Number         0  usenofp.o ABSOLUTE
    ..\BasicMathFunctions\arm_abs_f32.c      0x00000000   Number         0  arm_abs_f32.o ABSOLUTE
    ..\BasicMathFunctions\arm_abs_q31.c      0x00000000   Number         0  arm_abs_q31.o ABSOLUTE
    ..\FilteringFunctions\arm_fir_f32.c      0x00000000   Number         0  arm_fir_f32.o ABSOLUTE
    ..\FilteringFunctions\arm_fir_init_f32.c 0x00000000   Number         0  arm_fir_init_f32.o ABSOLUTE
    ..\FilteringFunctions\arm_fir_init_q31.c 0x00000000   Number         0  arm_fir_init_q31.o ABSOLUTE
    ..\FilteringFunctions\arm_fir_q31.c      0x00000000   Number         0  arm_fir_q31.o ABSOLUTE
    ..\StatisticsFunctions\arm_mean_f32.c    0x00000000   Number         0  arm_mean_f32.o ABSOLUTE
    ..\StatisticsFunctions\arm_mean_q31.c    0x00000000   Number         0  arm_mean_q31.o ABSOLUTE
    ..\SupportFunctions\arm_fill_f32.c       0x00000000   Number         0  arm_fill_f32.o ABSOLUTE
    ..\SupportFunctions\arm_float_to_q31.c   0x00000000   Number         0  arm_float_to_q31.o ABSOLUTE
    ..\SupportFunctions\arm_q31_to_float.c   0x00000000   Number         0  arm_q31_to_float.o ABSOLUTE
    ..\\BasicMathFunctions\\arm_abs_f32.c    0x00000000   Number         0  arm_abs_f32.o ABSOLUTE
    ..\\BasicMathFunctions\\arm_abs_q31.c    0x00000000   Number         0  arm_abs_q31.o ABSOLUTE
    ..\\FilteringFunctions\\arm_fir_f32.c    0x00000000   Number         0  arm_fir_f32.o ABSOLUTE
    ..\\FilteringFunctions\\arm_fir_init_f32.c 0x00000000   Number         0  arm_fir_init_f32.o ABSOLUTE
    ..\\FilteringFunctions\\arm_fir_init_q31.c 0x00000000   Number         0  arm_fir_init_q31.o ABSOLUTE
    ..\\FilteringFunctions\\arm_fir_q31.c    0x00000000   Number         0  arm_fir_q31.o ABSOLUTE
    ..\\StatisticsFunctions\\arm_mean_f32.c  0x00000000   Number         0  arm_mean_f32.o ABSOLUTE
    ..\\StatisticsFunctions\\arm_mean_q31.c  0x00000000   Number         0  arm_mean_q31.o ABSOLUTE
    ..\\SupportFunctions\\arm_fill_f32.c     0x00000000   Number         0  arm_fill_f32.o ABSOLUTE
    ..\\SupportFunctions\\arm_float_to_q31.c 0x00000000   Number         0  arm_float_to_q31.o ABSOLUTE
    ..\\SupportFunctions\\arm_q31_to_float.c 0x00000000   Number         0  arm_q31_to_float.o ABSOLUTE
    EasyVR.c                                 0x00000000   Number         0  easyvr.o ABSOLUTE
    RTE\Device\MK20DX256xxx7\startup_MK20D7.s 0x00000000   Number         0  startup_mk20d7.o ABSOLUTE
    RTE\Device\MK20DX256xxx7\system_MK20D7.c 0x00000000   Number         0  system_mk20d7.o ABSOLUTE
    RTE\\Device\\MK20DX256xxx7\\system_MK20D7.c 0x00000000   Number         0  system_mk20d7.o ABSOLUTE
    dc.s                                     0x00000000   Number         0  dc.o ABSOLUTE
    drivers.c                                0x00000000   Number         0  drivers.o ABSOLUTE
    drivers.c                                0x00000000   Number         0  drivers.o ABSOLUTE
    main.c                                   0x00000000   Number         0  main.o ABSOLUTE
    main.c                                   0x00000000   Number         0  main.o ABSOLUTE
    .ARM.__at_0x400                          0x00000400   Section       16  startup_mk20d7.o(.ARM.__at_0x400)
    !!!main                                  0x00000410   Section        8  __main.o(!!!main)
    !!!scatter                               0x00000418   Section       52  __scatter.o(!!!scatter)
    !!handler_copy                           0x0000044c   Section       26  __scatter_copy.o(!!handler_copy)
    !!handler_zi                             0x00000468   Section       28  __scatter_zi.o(!!handler_zi)
    .ARM.Collect$$libinit$$00000000          0x00000484   Section        2  libinit.o(.ARM.Collect$$libinit$$00000000)
    .ARM.Collect$$libinit$$00000002          0x00000486   Section        0  libinit2.o(.ARM.Collect$$libinit$$00000002)
    .ARM.Collect$$libinit$$00000004          0x00000486   Section        0  libinit2.o(.ARM.Collect$$libinit$$00000004)
    .ARM.Collect$$libinit$$0000000A          0x00000486   Section        0  libinit2.o(.ARM.Collect$$libinit$$0000000A)
    .ARM.Collect$$libinit$$0000000C          0x00000486   Section        0  libinit2.o(.ARM.Collect$$libinit$$0000000C)
    .ARM.Collect$$libinit$$0000000E          0x00000486   Section        0  libinit2.o(.ARM.Collect$$libinit$$0000000E)
    .ARM.Collect$$libinit$$00000011          0x00000486   Section        0  libinit2.o(.ARM.Collect$$libinit$$00000011)
    .ARM.Collect$$libinit$$00000013          0x00000486   Section        0  libinit2.o(.ARM.Collect$$libinit$$00000013)
    .ARM.Collect$$libinit$$00000015          0x00000486   Section        0  libinit2.o(.ARM.Collect$$libinit$$00000015)
    .ARM.Collect$$libinit$$00000017          0x00000486   Section        0  libinit2.o(.ARM.Collect$$libinit$$00000017)
    .ARM.Collect$$libinit$$00000019          0x00000486   Section        0  libinit2.o(.ARM.Collect$$libinit$$00000019)
    .ARM.Collect$$libinit$$0000001B          0x00000486   Section        0  libinit2.o(.ARM.Collect$$libinit$$0000001B)
    .ARM.Collect$$libinit$$0000001D          0x00000486   Section        0  libinit2.o(.ARM.Collect$$libinit$$0000001D)
    .ARM.Collect$$libinit$$0000001F          0x00000486   Section        0  libinit2.o(.ARM.Collect$$libinit$$0000001F)
    .ARM.Collect$$libinit$$00000021          0x00000486   Section        0  libinit2.o(.ARM.Collect$$libinit$$00000021)
    .ARM.Collect$$libinit$$00000023          0x00000486   Section        0  libinit2.o(.ARM.Collect$$libinit$$00000023)
    .ARM.Collect$$libinit$$00000025          0x00000486   Section        0  libinit2.o(.ARM.Collect$$libinit$$00000025)
    .ARM.Collect$$libinit$$0000002C          0x00000486   Section        0  libinit2.o(.ARM.Collect$$libinit$$0000002C)
    .ARM.Collect$$libinit$$0000002E          0x00000486   Section        0  libinit2.o(.ARM.Collect$$libinit$$0000002E)
    .ARM.Collect$$libinit$$00000030          0x00000486   Section        0  libinit2.o(.ARM.Collect$$libinit$$00000030)
    .ARM.Collect$$libinit$$00000032          0x00000486   Section        0  libinit2.o(.ARM.Collect$$libinit$$00000032)
    .ARM.Collect$$libinit$$00000033          0x00000486   Section        2  libinit2.o(.ARM.Collect$$libinit$$00000033)
    .ARM.Collect$$libshutdown$$00000000      0x00000488   Section        2  libshutdown.o(.ARM.Collect$$libshutdown$$00000000)
    .ARM.Collect$$libshutdown$$00000002      0x0000048a   Section        0  libshutdown2.o(.ARM.Collect$$libshutdown$$00000002)
    .ARM.Collect$$libshutdown$$00000004      0x0000048a   Section        0  libshutdown2.o(.ARM.Collect$$libshutdown$$00000004)
    .ARM.Collect$$libshutdown$$00000007      0x0000048a   Section        0  libshutdown2.o(.ARM.Collect$$libshutdown$$00000007)
    .ARM.Collect$$libshutdown$$0000000A      0x0000048a   Section        0  libshutdown2.o(.ARM.Collect$$libshutdown$$0000000A)
    .ARM.Collect$$libshutdown$$0000000C      0x0000048a   Section        0  libshutdown2.o(.ARM.Collect$$libshutdown$$0000000C)
    .ARM.Collect$$libshutdown$$0000000F      0x0000048a   Section        0  libshutdown2.o(.ARM.Collect$$libshutdown$$0000000F)
    .ARM.Collect$$libshutdown$$00000010      0x0000048a   Section        2  libshutdown2.o(.ARM.Collect$$libshutdown$$00000010)
    .ARM.Collect$$rtentry$$00000000          0x0000048c   Section        0  __rtentry.o(.ARM.Collect$$rtentry$$00000000)
    .ARM.Collect$$rtentry$$00000002          0x0000048c   Section        0  __rtentry2.o(.ARM.Collect$$rtentry$$00000002)
    .ARM.Collect$$rtentry$$00000004          0x0000048c   Section        6  __rtentry4.o(.ARM.Collect$$rtentry$$00000004)
    .ARM.Collect$$rtentry$$00000009          0x00000492   Section        0  __rtentry2.o(.ARM.Collect$$rtentry$$00000009)
    .ARM.Collect$$rtentry$$0000000A          0x00000492   Section        4  __rtentry2.o(.ARM.Collect$$rtentry$$0000000A)
    .ARM.Collect$$rtentry$$0000000C          0x00000496   Section        0  __rtentry2.o(.ARM.Collect$$rtentry$$0000000C)
    .ARM.Collect$$rtentry$$0000000D          0x00000496   Section        8  __rtentry2.o(.ARM.Collect$$rtentry$$0000000D)
    .ARM.Collect$$rtexit$$00000000           0x0000049e   Section        2  rtexit.o(.ARM.Collect$$rtexit$$00000000)
    .ARM.Collect$$rtexit$$00000002           0x000004a0   Section        0  rtexit2.o(.ARM.Collect$$rtexit$$00000002)
    .ARM.Collect$$rtexit$$00000003           0x000004a0   Section        4  rtexit2.o(.ARM.Collect$$rtexit$$00000003)
    .ARM.Collect$$rtexit$$00000004           0x000004a4   Section        6  rtexit2.o(.ARM.Collect$$rtexit$$00000004)
    .text                                    0x000004ac   Section       60  startup_mk20d7.o(.text)
    .text                                    0x000004e8   Section        0  arm_abs_f32.o(.text)
    .text                                    0x00000580   Section        0  arm_abs_q31.o(.text)
    .text                                    0x00000668   Section        0  arm_fir_f32.o(.text)
    .text                                    0x00000f4a   Section        0  arm_fir_init_f32.o(.text)
    .text                                    0x00000f66   Section        0  arm_fir_init_q31.o(.text)
    .text                                    0x00000f84   Section        0  arm_fir_q31.o(.text)
    .text                                    0x0000129c   Section        0  arm_mean_f32.o(.text)
    .text                                    0x00001344   Section        0  arm_mean_q31.o(.text)
    .text                                    0x0000140c   Section        0  arm_fill_f32.o(.text)
    .text                                    0x00001494   Section        0  arm_float_to_q31.o(.text)
    .text                                    0x000015e8   Section        0  arm_q31_to_float.o(.text)
    .text                                    0x00001770   Section       72  llsdiv.o(.text)
    .text                                    0x000017b8   Section       78  rt_memclr_w.o(.text)
    .text                                    0x00001806   Section        0  heapauxi.o(.text)
    .text                                    0x0000180c   Section      238  lludivv7m.o(.text)
    .text                                    0x000018fa   Section       74  sys_stackheap_outer.o(.text)
    .text                                    0x00001944   Section        0  exit.o(.text)
    .text                                    0x00001958   Section        8  libspace.o(.text)
    .text                                    0x00001960   Section        0  sys_exit.o(.text)
    .text                                    0x0000196c   Section        2  use_no_semi.o(.text)
    .text                                    0x0000196e   Section        0  indicate_semi.o(.text)
    i.ADC0_Init                              0x00001970   Section        0  drivers.o(i.ADC0_Init)
    i.ADC0_Read                              0x000019a4   Section        0  drivers.o(i.ADC0_Read)
    i.EasyVR_Init                            0x000019d0   Section        0  easyvr.o(i.EasyVR_Init)
    i.EasyVR_Read                            0x000019ec   Section        0  easyvr.o(i.EasyVR_Read)
    i.EasyVR_Speech                          0x000019f6   Section        0  easyvr.o(i.EasyVR_Speech)
    i.EasyVR_Start                           0x00001a00   Section        0  easyvr.o(i.EasyVR_Start)
    i.FTM0_Init                              0x00001a10   Section        0  drivers.o(i.FTM0_Init)
    i.FTM1_Init                              0x00001a74   Section        0  drivers.o(i.FTM1_Init)
    i.LED_Init                               0x00001ac8   Section        0  drivers.o(i.LED_Init)
    i.LED_Off                                0x00001b08   Section        0  drivers.o(i.LED_Off)
    i.LED_Toggle                             0x00001b20   Section        0  drivers.o(i.LED_Toggle)
    i.NVIC_EnableIRQ                         0x00001b38   Section        0  drivers.o(i.NVIC_EnableIRQ)
    NVIC_EnableIRQ                           0x00001b39   Thumb Code    22  drivers.o(i.NVIC_EnableIRQ)
    i.PORTC_IRQHandler                       0x00001b50   Section        0  main.o(i.PORTC_IRQHandler)
    i.Switch_Init                            0x00001bb4   Section        0  drivers.o(i.Switch_Init)
    i.SysTick_Handler                        0x00001c04   Section        0  main.o(i.SysTick_Handler)
    i.SystemInit                             0x00001cfc   Section        0  system_mk20d7.o(i.SystemInit)
    i.UART0_Init                             0x00001e7c   Section        0  drivers.o(i.UART0_Init)
    i.UART0_RX_TX_IRQHandler                 0x00001ed8   Section        0  main.o(i.UART0_RX_TX_IRQHandler)
    i.UART0_putString                        0x00001ee8   Section        0  drivers.o(i.UART0_putString)
    i.UART0_send                             0x00001f00   Section        0  drivers.o(i.UART0_send)
    i.UART2_Init                             0x00001f18   Section        0  drivers.o(i.UART2_Init)
    i.UART2_RX_TX_IRQHandler                 0x00001f74   Section        0  main.o(i.UART2_RX_TX_IRQHandler)
    i.UART2_send                             0x00002118   Section        0  drivers.o(i.UART2_send)
    i.main                                   0x00002130   Section        0  main.o(i.main)
    x$fpl$fadd                               0x00002304   Section      196  faddsub_clz.o(x$fpl$fadd)
    _fadd1                                   0x00002313   Thumb Code     0  faddsub_clz.o(x$fpl$fadd)
    x$fpl$fcheck1                            0x000023c8   Section       12  fcheck1.o(x$fpl$fcheck1)
    x$fpl$fdiv                               0x000023d4   Section      388  fdiv.o(x$fpl$fdiv)
    _fdiv1                                   0x000023d5   Thumb Code     0  fdiv.o(x$fpl$fdiv)
    x$fpl$fflt                               0x00002558   Section       48  fflt_clz.o(x$fpl$fflt)
    x$fpl$ffltu                              0x00002588   Section       38  fflt_clz.o(x$fpl$ffltu)
    x$fpl$fmul                               0x000025b0   Section      258  fmul.o(x$fpl$fmul)
    x$fpl$fnaninf                            0x000026b2   Section      140  fnaninf.o(x$fpl$fnaninf)
    x$fpl$fretinf                            0x0000273e   Section       10  fretinf.o(x$fpl$fretinf)
    x$fpl$fsub                               0x00002748   Section      234  faddsub_clz.o(x$fpl$fsub)
    _fsub1                                   0x00002757   Thumb Code     0  faddsub_clz.o(x$fpl$fsub)
    x$fpl$llsfromf                           0x00002834   Section      134  ffixll.o(x$fpl$llsfromf)
    x$fpl$retnan                             0x000028ba   Section      100  retnan.o(x$fpl$retnan)
    x$fpl$scalbnf                            0x0000291e   Section       76  scalbnf.o(x$fpl$scalbnf)
    x$fpl$trapveneer                         0x0000296a   Section       48  trapv.o(x$fpl$trapveneer)
    .constdata                               0x0000299a   Section       23  drivers.o(.constdata)
    x$fpl$usenofp                            0x0000299a   Section        0  usenofp.o(x$fpl$usenofp)
    channel2sc1a                             0x0000299a   Data          23  drivers.o(.constdata)
    .data                                    0x20000000   Section      276  main.o(.data)
    .data                                    0x20000114   Section        4  system_mk20d7.o(.data)
    .bss                                     0x20000118   Section     5460  main.o(.bss)
    firStateF32                              0x20001254   Data         512  main.o(.bss)
    firStateQ31                              0x20001454   Data         512  main.o(.bss)
    .bss                                     0x2000166c   Section       96  libspace.o(.bss)
    HEAP                                     0x200016d0   Section        0  startup_mk20d7.o(HEAP)
    STACK                                    0x200016d0   Section     1024  startup_mk20d7.o(STACK)
    Heap_Mem                                 0x200016d0   Data           0  startup_mk20d7.o(HEAP)
    Stack_Mem                                0x200016d0   Data        1024  startup_mk20d7.o(STACK)
    __initial_sp                             0x20001ad0   Data           0  startup_mk20d7.o(STACK)

    Global Symbols

    Symbol Name                              Value     Ov Type        Size  Object(Section)

    BuildAttributes$$THM_ISAv4$E$P$D$K$B$S$7EM$PE$A:L22UL41UL21$X:L11$S22US41US21$IEEE1$IW$USESV6$~STKCKD$USESV7$~SHL$OTIME$ROPI$EBA8$UX$STANDARDLIB$REQ8$PRES8$EABIv2 0x00000000   Number         0  anon$$obj.o ABSOLUTE
    __ARM_use_no_argv                        0x00000000   Number         0  main.o ABSOLUTE
    __Vectors                                0x00000000   Data           4  startup_mk20d7.o(RESET)
    __ARM_exceptions_init                     - Undefined Weak Reference
    __alloca_initialize                       - Undefined Weak Reference
    __arm_preinit_                            - Undefined Weak Reference
    __cpp_initialize__aeabi_                  - Undefined Weak Reference
    __cxa_finalize                            - Undefined Weak Reference
    __rt_locale                               - Undefined Weak Reference
    __sigvec_lookup                           - Undefined Weak Reference
    _atexit_init                              - Undefined Weak Reference
    _call_atexit_fns                          - Undefined Weak Reference
    _clock_init                               - Undefined Weak Reference
    _fp_trap_init                             - Undefined Weak Reference
    _fp_trap_shutdown                         - Undefined Weak Reference
    _get_lc_collate                           - Undefined Weak Reference
    _get_lc_ctype                             - Undefined Weak Reference
    _get_lc_monetary                          - Undefined Weak Reference
    _get_lc_numeric                           - Undefined Weak Reference
    _get_lc_time                              - Undefined Weak Reference
    _getenv_init                              - Undefined Weak Reference
    _handle_redirection                       - Undefined Weak Reference
    _init_alloc                               - Undefined Weak Reference
    _init_user_alloc                          - Undefined Weak Reference
    _initio                                   - Undefined Weak Reference
    _rand_init                                - Undefined Weak Reference
    _signal_finish                            - Undefined Weak Reference
    _signal_init                              - Undefined Weak Reference
    _terminate_alloc                          - Undefined Weak Reference
    _terminate_user_alloc                     - Undefined Weak Reference
    _terminateio                              - Undefined Weak Reference
    __Vectors_End                            0x00000400   Data           0  startup_mk20d7.o(RESET)
    __Vectors_Size                           0x00000400   Number         0  startup_mk20d7.o ABSOLUTE
    __main                                   0x00000411   Thumb Code     8  __main.o(!!!main)
    __scatterload                            0x00000419   Thumb Code     0  __scatter.o(!!!scatter)
    __scatterload_rt2                        0x00000419   Thumb Code    44  __scatter.o(!!!scatter)
    __scatterload_rt2_thumb_only             0x00000419   Thumb Code     0  __scatter.o(!!!scatter)
    __scatterload_null                       0x00000427   Thumb Code     0  __scatter.o(!!!scatter)
    __scatterload_copy                       0x0000044d   Thumb Code    26  __scatter_copy.o(!!handler_copy)
    __scatterload_zeroinit                   0x00000469   Thumb Code    28  __scatter_zi.o(!!handler_zi)
    __rt_lib_init                            0x00000485   Thumb Code     0  libinit.o(.ARM.Collect$$libinit$$00000000)
    __rt_lib_init_alloca_1                   0x00000487   Thumb Code     0  libinit2.o(.ARM.Collect$$libinit$$0000002E)
    __rt_lib_init_argv_1                     0x00000487   Thumb Code     0  libinit2.o(.ARM.Collect$$libinit$$0000002C)
    __rt_lib_init_atexit_1                   0x00000487   Thumb Code     0  libinit2.o(.ARM.Collect$$libinit$$0000001B)
    __rt_lib_init_clock_1                    0x00000487   Thumb Code     0  libinit2.o(.ARM.Collect$$libinit$$00000021)
    __rt_lib_init_cpp_1                      0x00000487   Thumb Code     0  libinit2.o(.ARM.Collect$$libinit$$00000032)
    __rt_lib_init_exceptions_1               0x00000487   Thumb Code     0  libinit2.o(.ARM.Collect$$libinit$$00000030)
    __rt_lib_init_fp_1                       0x00000487   Thumb Code     0  libinit2.o(.ARM.Collect$$libinit$$00000002)
    __rt_lib_init_fp_trap_1                  0x00000487   Thumb Code     0  libinit2.o(.ARM.Collect$$libinit$$0000001F)
    __rt_lib_init_getenv_1                   0x00000487   Thumb Code     0  libinit2.o(.ARM.Collect$$libinit$$00000023)
    __rt_lib_init_heap_1                     0x00000487   Thumb Code     0  libinit2.o(.ARM.Collect$$libinit$$0000000A)
    __rt_lib_init_lc_collate_1               0x00000487   Thumb Code     0  libinit2.o(.ARM.Collect$$libinit$$00000011)
    __rt_lib_init_lc_ctype_1                 0x00000487   Thumb Code     0  libinit2.o(.ARM.Collect$$libinit$$00000013)
    __rt_lib_init_lc_monetary_1              0x00000487   Thumb Code     0  libinit2.o(.ARM.Collect$$libinit$$00000015)
    __rt_lib_init_lc_numeric_1               0x00000487   Thumb Code     0  libinit2.o(.ARM.Collect$$libinit$$00000017)
    __rt_lib_init_lc_time_1                  0x00000487   Thumb Code     0  libinit2.o(.ARM.Collect$$libinit$$00000019)
    __rt_lib_init_preinit_1                  0x00000487   Thumb Code     0  libinit2.o(.ARM.Collect$$libinit$$00000004)
    __rt_lib_init_rand_1                     0x00000487   Thumb Code     0  libinit2.o(.ARM.Collect$$libinit$$0000000E)
    __rt_lib_init_return                     0x00000487   Thumb Code     0  libinit2.o(.ARM.Collect$$libinit$$00000033)
    __rt_lib_init_signal_1                   0x00000487   Thumb Code     0  libinit2.o(.ARM.Collect$$libinit$$0000001D)
    __rt_lib_init_stdio_1                    0x00000487   Thumb Code     0  libinit2.o(.ARM.Collect$$libinit$$00000025)
    __rt_lib_init_user_alloc_1               0x00000487   Thumb Code     0  libinit2.o(.ARM.Collect$$libinit$$0000000C)
    __rt_lib_shutdown                        0x00000489   Thumb Code     0  libshutdown.o(.ARM.Collect$$libshutdown$$00000000)
    __rt_lib_shutdown_cpp_1                  0x0000048b   Thumb Code     0  libshutdown2.o(.ARM.Collect$$libshutdown$$00000002)
    __rt_lib_shutdown_fp_trap_1              0x0000048b   Thumb Code     0  libshutdown2.o(.ARM.Collect$$libshutdown$$00000007)
    __rt_lib_shutdown_heap_1                 0x0000048b   Thumb Code     0  libshutdown2.o(.ARM.Collect$$libshutdown$$0000000F)
    __rt_lib_shutdown_return                 0x0000048b   Thumb Code     0  libshutdown2.o(.ARM.Collect$$libshutdown$$00000010)
    __rt_lib_shutdown_signal_1               0x0000048b   Thumb Code     0  libshutdown2.o(.ARM.Collect$$libshutdown$$0000000A)
    __rt_lib_shutdown_stdio_1                0x0000048b   Thumb Code     0  libshutdown2.o(.ARM.Collect$$libshutdown$$00000004)
    __rt_lib_shutdown_user_alloc_1           0x0000048b   Thumb Code     0  libshutdown2.o(.ARM.Collect$$libshutdown$$0000000C)
    __rt_entry                               0x0000048d   Thumb Code     0  __rtentry.o(.ARM.Collect$$rtentry$$00000000)
    __rt_entry_presh_1                       0x0000048d   Thumb Code     0  __rtentry2.o(.ARM.Collect$$rtentry$$00000002)
    __rt_entry_sh                            0x0000048d   Thumb Code     0  __rtentry4.o(.ARM.Collect$$rtentry$$00000004)
    __rt_entry_li                            0x00000493   Thumb Code     0  __rtentry2.o(.ARM.Collect$$rtentry$$0000000A)
    __rt_entry_postsh_1                      0x00000493   Thumb Code     0  __rtentry2.o(.ARM.Collect$$rtentry$$00000009)
    __rt_entry_main                          0x00000497   Thumb Code     0  __rtentry2.o(.ARM.Collect$$rtentry$$0000000D)
    __rt_entry_postli_1                      0x00000497   Thumb Code     0  __rtentry2.o(.ARM.Collect$$rtentry$$0000000C)
    __rt_exit                                0x0000049f   Thumb Code     0  rtexit.o(.ARM.Collect$$rtexit$$00000000)
    __rt_exit_ls                             0x000004a1   Thumb Code     0  rtexit2.o(.ARM.Collect$$rtexit$$00000003)
    __rt_exit_prels_1                        0x000004a1   Thumb Code     0  rtexit2.o(.ARM.Collect$$rtexit$$00000002)
    __rt_exit_exit                           0x000004a5   Thumb Code     0  rtexit2.o(.ARM.Collect$$rtexit$$00000004)
    Reset_Handler                            0x000004ad   Thumb Code     8  startup_mk20d7.o(.text)
    NMI_Handler                              0x000004b5   Thumb Code     2  startup_mk20d7.o(.text)
    HardFault_Handler                        0x000004b7   Thumb Code     2  startup_mk20d7.o(.text)
    MemManage_Handler                        0x000004b9   Thumb Code     2  startup_mk20d7.o(.text)
    BusFault_Handler                         0x000004bb   Thumb Code     2  startup_mk20d7.o(.text)
    UsageFault_Handler                       0x000004bd   Thumb Code     2  startup_mk20d7.o(.text)
    SVC_Handler                              0x000004bf   Thumb Code     2  startup_mk20d7.o(.text)
    DebugMon_Handler                         0x000004c1   Thumb Code     2  startup_mk20d7.o(.text)
    PendSV_Handler                           0x000004c3   Thumb Code     2  startup_mk20d7.o(.text)
    ADC0_IRQHandler                          0x000004c7   Thumb Code     0  startup_mk20d7.o(.text)
    ADC1_IRQHandler                          0x000004c7   Thumb Code     0  startup_mk20d7.o(.text)
    CAN0_Bus_Off_IRQHandler                  0x000004c7   Thumb Code     0  startup_mk20d7.o(.text)
    CAN0_Error_IRQHandler                    0x000004c7   Thumb Code     0  startup_mk20d7.o(.text)
    CAN0_ORed_Message_buffer_IRQHandler      0x000004c7   Thumb Code     0  startup_mk20d7.o(.text)
    CAN0_Rx_Warning_IRQHandler               0x000004c7   Thumb Code     0  startup_mk20d7.o(.text)
    CAN0_Tx_Warning_IRQHandler               0x000004c7   Thumb Code     0  startup_mk20d7.o(.text)
    CAN0_Wake_Up_IRQHandler                  0x000004c7   Thumb Code     0  startup_mk20d7.o(.text)
    CMP0_IRQHandler                          0x000004c7   Thumb Code     0  startup_mk20d7.o(.text)
    CMP1_IRQHandler                          0x000004c7   Thumb Code     0  startup_mk20d7.o(.text)
    CMP2_IRQHandler                          0x000004c7   Thumb Code     0  startup_mk20d7.o(.text)
    CMT_IRQHandler                           0x000004c7   Thumb Code     0  startup_mk20d7.o(.text)
    DAC0_IRQHandler                          0x000004c7   Thumb Code     0  startup_mk20d7.o(.text)
    DMA0_IRQHandler                          0x000004c7   Thumb Code     0  startup_mk20d7.o(.text)
    DMA10_IRQHandler                         0x000004c7   Thumb Code     0  startup_mk20d7.o(.text)
    DMA11_IRQHandler                         0x000004c7   Thumb Code     0  startup_mk20d7.o(.text)
    DMA12_IRQHandler                         0x000004c7   Thumb Code     0  startup_mk20d7.o(.text)
    DMA13_IRQHandler                         0x000004c7   Thumb Code     0  startup_mk20d7.o(.text)
    DMA14_IRQHandler                         0x000004c7   Thumb Code     0  startup_mk20d7.o(.text)
    DMA15_IRQHandler                         0x000004c7   Thumb Code     0  startup_mk20d7.o(.text)
    DMA1_IRQHandler                          0x000004c7   Thumb Code     0  startup_mk20d7.o(.text)
    DMA2_IRQHandler                          0x000004c7   Thumb Code     0  startup_mk20d7.o(.text)
    DMA3_IRQHandler                          0x000004c7   Thumb Code     0  startup_mk20d7.o(.text)
    DMA4_IRQHandler                          0x000004c7   Thumb Code     0  startup_mk20d7.o(.text)
    DMA5_IRQHandler                          0x000004c7   Thumb Code     0  startup_mk20d7.o(.text)
    DMA6_IRQHandler                          0x000004c7   Thumb Code     0  startup_mk20d7.o(.text)
    DMA7_IRQHandler                          0x000004c7   Thumb Code     0  startup_mk20d7.o(.text)
    DMA8_IRQHandler                          0x000004c7   Thumb Code     0  startup_mk20d7.o(.text)
    DMA9_IRQHandler                          0x000004c7   Thumb Code     0  startup_mk20d7.o(.text)
    DMA_Error_IRQHandler                     0x000004c7   Thumb Code     0  startup_mk20d7.o(.text)
    DefaultISR                               0x000004c7   Thumb Code     0  startup_mk20d7.o(.text)
    FTFL_IRQHandler                          0x000004c7   Thumb Code     0  startup_mk20d7.o(.text)
    FTM0_IRQHandler                          0x000004c7   Thumb Code     0  startup_mk20d7.o(.text)
    FTM1_IRQHandler                          0x000004c7   Thumb Code     0  startup_mk20d7.o(.text)
    FTM2_IRQHandler                          0x000004c7   Thumb Code     0  startup_mk20d7.o(.text)
    I2C0_IRQHandler                          0x000004c7   Thumb Code     0  startup_mk20d7.o(.text)
    I2C1_IRQHandler                          0x000004c7   Thumb Code     0  startup_mk20d7.o(.text)
    I2S0_Rx_IRQHandler                       0x000004c7   Thumb Code     0  startup_mk20d7.o(.text)
    I2S0_Tx_IRQHandler                       0x000004c7   Thumb Code     0  startup_mk20d7.o(.text)
    LLW_IRQHandler                           0x000004c7   Thumb Code     0  startup_mk20d7.o(.text)
    LPTimer_IRQHandler                       0x000004c7   Thumb Code     0  startup_mk20d7.o(.text)
    LVD_LVW_IRQHandler                       0x000004c7   Thumb Code     0  startup_mk20d7.o(.text)
    MCG_IRQHandler                           0x000004c7   Thumb Code     0  startup_mk20d7.o(.text)
    MCM_IRQHandler                           0x000004c7   Thumb Code     0  startup_mk20d7.o(.text)
    PDB0_IRQHandler                          0x000004c7   Thumb Code     0  startup_mk20d7.o(.text)
    PIT0_IRQHandler                          0x000004c7   Thumb Code     0  startup_mk20d7.o(.text)
    PIT1_IRQHandler                          0x000004c7   Thumb Code     0  startup_mk20d7.o(.text)
    PIT2_IRQHandler                          0x000004c7   Thumb Code     0  startup_mk20d7.o(.text)
    PIT3_IRQHandler                          0x000004c7   Thumb Code     0  startup_mk20d7.o(.text)
    PORTA_IRQHandler                         0x000004c7   Thumb Code     0  startup_mk20d7.o(.text)
    PORTB_IRQHandler                         0x000004c7   Thumb Code     0  startup_mk20d7.o(.text)
    PORTD_IRQHandler                         0x000004c7   Thumb Code     0  startup_mk20d7.o(.text)
    PORTE_IRQHandler                         0x000004c7   Thumb Code     0  startup_mk20d7.o(.text)
    RTC_IRQHandler                           0x000004c7   Thumb Code     0  startup_mk20d7.o(.text)
    RTC_Seconds_IRQHandler                   0x000004c7   Thumb Code     0  startup_mk20d7.o(.text)
    Read_Collision_IRQHandler                0x000004c7   Thumb Code     0  startup_mk20d7.o(.text)
    Reserved102_IRQHandler                   0x000004c7   Thumb Code     0  startup_mk20d7.o(.text)
    Reserved108_IRQHandler                   0x000004c7   Thumb Code     0  startup_mk20d7.o(.text)
    Reserved109_IRQHandler                   0x000004c7   Thumb Code     0  startup_mk20d7.o(.text)
    Reserved39_IRQHandler                    0x000004c7   Thumb Code     0  startup_mk20d7.o(.text)
    Reserved44_IRQHandler                    0x000004c7   Thumb Code     0  startup_mk20d7.o(.text)
    Reserved53_IRQHandler                    0x000004c7   Thumb Code     0  startup_mk20d7.o(.text)
    Reserved54_IRQHandler                    0x000004c7   Thumb Code     0  startup_mk20d7.o(.text)
    Reserved55_IRQHandler                    0x000004c7   Thumb Code     0  startup_mk20d7.o(.text)
    Reserved56_IRQHandler                    0x000004c7   Thumb Code     0  startup_mk20d7.o(.text)
    Reserved57_IRQHandler                    0x000004c7   Thumb Code     0  startup_mk20d7.o(.text)
    Reserved58_IRQHandler                    0x000004c7   Thumb Code     0  startup_mk20d7.o(.text)
    Reserved59_IRQHandler                    0x000004c7   Thumb Code     0  startup_mk20d7.o(.text)
    Reserved71_IRQHandler                    0x000004c7   Thumb Code     0  startup_mk20d7.o(.text)
    Reserved72_IRQHandler                    0x000004c7   Thumb Code     0  startup_mk20d7.o(.text)
    Reserved91_IRQHandler                    0x000004c7   Thumb Code     0  startup_mk20d7.o(.text)
    Reserved92_IRQHandler                    0x000004c7   Thumb Code     0  startup_mk20d7.o(.text)
    Reserved93_IRQHandler                    0x000004c7   Thumb Code     0  startup_mk20d7.o(.text)
    Reserved94_IRQHandler                    0x000004c7   Thumb Code     0  startup_mk20d7.o(.text)
    Reserved95_IRQHandler                    0x000004c7   Thumb Code     0  startup_mk20d7.o(.text)
    Reserved96_IRQHandler                    0x000004c7   Thumb Code     0  startup_mk20d7.o(.text)
    Reserved98_IRQHandler                    0x000004c7   Thumb Code     0  startup_mk20d7.o(.text)
    SPI0_IRQHandler                          0x000004c7   Thumb Code     0  startup_mk20d7.o(.text)
    SPI1_IRQHandler                          0x000004c7   Thumb Code     0  startup_mk20d7.o(.text)
    SWI_IRQHandler                           0x000004c7   Thumb Code     0  startup_mk20d7.o(.text)
    TSI0_IRQHandler                          0x000004c7   Thumb Code     0  startup_mk20d7.o(.text)
    UART0_ERR_IRQHandler                     0x000004c7   Thumb Code     0  startup_mk20d7.o(.text)
    UART0_LON_IRQHandler                     0x000004c7   Thumb Code     0  startup_mk20d7.o(.text)
    UART1_ERR_IRQHandler                     0x000004c7   Thumb Code     0  startup_mk20d7.o(.text)
    UART1_RX_TX_IRQHandler                   0x000004c7   Thumb Code     0  startup_mk20d7.o(.text)
    UART2_ERR_IRQHandler                     0x000004c7   Thumb Code     0  startup_mk20d7.o(.text)
    UART3_ERR_IRQHandler                     0x000004c7   Thumb Code     0  startup_mk20d7.o(.text)
    UART3_RX_TX_IRQHandler                   0x000004c7   Thumb Code     0  startup_mk20d7.o(.text)
    UART4_ERR_IRQHandler                     0x000004c7   Thumb Code     0  startup_mk20d7.o(.text)
    UART4_RX_TX_IRQHandler                   0x000004c7   Thumb Code     0  startup_mk20d7.o(.text)
    USB0_IRQHandler                          0x000004c7   Thumb Code     0  startup_mk20d7.o(.text)
    USBDCD_IRQHandler                        0x000004c7   Thumb Code     0  startup_mk20d7.o(.text)
    Watchdog_IRQHandler                      0x000004c7   Thumb Code     0  startup_mk20d7.o(.text)
    __user_initial_stackheap                 0x000004c9   Thumb Code     0  startup_mk20d7.o(.text)
    arm_abs_f32                              0x000004e9   Thumb Code   150  arm_abs_f32.o(.text)
    arm_abs_q31                              0x00000581   Thumb Code   232  arm_abs_q31.o(.text)
    arm_fir_f32                              0x00000669   Thumb Code  2274  arm_fir_f32.o(.text)
    arm_fir_init_f32                         0x00000f4b   Thumb Code    28  arm_fir_init_f32.o(.text)
    arm_fir_init_q31                         0x00000f67   Thumb Code    28  arm_fir_init_q31.o(.text)
    arm_fir_q31                              0x00000f85   Thumb Code   786  arm_fir_q31.o(.text)
    arm_mean_f32                             0x0000129d   Thumb Code   168  arm_mean_f32.o(.text)
    arm_mean_q31                             0x00001345   Thumb Code   198  arm_mean_q31.o(.text)
    arm_fill_f32                             0x0000140d   Thumb Code   136  arm_fill_f32.o(.text)
    arm_float_to_q31                         0x00001495   Thumb Code   340  arm_float_to_q31.o(.text)
    arm_q31_to_float                         0x000015e9   Thumb Code   392  arm_q31_to_float.o(.text)
    __aeabi_ldivmod                          0x00001771   Thumb Code     0  llsdiv.o(.text)
    _ll_sdiv                                 0x00001771   Thumb Code    72  llsdiv.o(.text)
    __aeabi_memclr4                          0x000017b9   Thumb Code     0  rt_memclr_w.o(.text)
    __aeabi_memclr8                          0x000017b9   Thumb Code     0  rt_memclr_w.o(.text)
    __rt_memclr_w                            0x000017b9   Thumb Code    78  rt_memclr_w.o(.text)
    _memset_w                                0x000017bd   Thumb Code     0  rt_memclr_w.o(.text)
    __use_two_region_memory                  0x00001807   Thumb Code     2  heapauxi.o(.text)
    __rt_heap_escrow$2region                 0x00001809   Thumb Code     2  heapauxi.o(.text)
    __rt_heap_expand$2region                 0x0000180b   Thumb Code     2  heapauxi.o(.text)
    __aeabi_uldivmod                         0x0000180d   Thumb Code     0  lludivv7m.o(.text)
    _ll_udiv                                 0x0000180d   Thumb Code   238  lludivv7m.o(.text)
    __user_setup_stackheap                   0x000018fb   Thumb Code    74  sys_stackheap_outer.o(.text)
    exit                                     0x00001945   Thumb Code    18  exit.o(.text)
    __user_libspace                          0x00001959   Thumb Code     8  libspace.o(.text)
    __user_perproc_libspace                  0x00001959   Thumb Code     0  libspace.o(.text)
    __user_perthread_libspace                0x00001959   Thumb Code     0  libspace.o(.text)
    _sys_exit                                0x00001961   Thumb Code     8  sys_exit.o(.text)
    __I$use$semihosting                      0x0000196d   Thumb Code     0  use_no_semi.o(.text)
    __use_no_semihosting_swi                 0x0000196d   Thumb Code     2  use_no_semi.o(.text)
    __semihosting_library_function           0x0000196f   Thumb Code     0  indicate_semi.o(.text)
    ADC0_Init                                0x00001971   Thumb Code    42  drivers.o(i.ADC0_Init)
    ADC0_Read                                0x000019a5   Thumb Code    36  drivers.o(i.ADC0_Read)
    EasyVR_Init                              0x000019d1   Thumb Code    28  easyvr.o(i.EasyVR_Init)
    EasyVR_Read                              0x000019ed   Thumb Code    10  easyvr.o(i.EasyVR_Read)
    EasyVR_Speech                            0x000019f7   Thumb Code    10  easyvr.o(i.EasyVR_Speech)
    EasyVR_Start                             0x00001a01   Thumb Code    16  easyvr.o(i.EasyVR_Start)
    FTM0_Init                                0x00001a11   Thumb Code    86  drivers.o(i.FTM0_Init)
    FTM1_Init                                0x00001a75   Thumb Code    70  drivers.o(i.FTM1_Init)
    LED_Init                                 0x00001ac9   Thumb Code    50  drivers.o(i.LED_Init)
    LED_Off                                  0x00001b09   Thumb Code    18  drivers.o(i.LED_Off)
    LED_Toggle                               0x00001b21   Thumb Code    18  drivers.o(i.LED_Toggle)
    PORTC_IRQHandler                         0x00001b51   Thumb Code    64  main.o(i.PORTC_IRQHandler)
    Switch_Init                              0x00001bb5   Thumb Code    64  drivers.o(i.Switch_Init)
    SysTick_Handler                          0x00001c05   Thumb Code   210  main.o(i.SysTick_Handler)
    SystemInit                               0x00001cfd   Thumb Code   340  system_mk20d7.o(i.SystemInit)
    UART0_Init                               0x00001e7d   Thumb Code    78  drivers.o(i.UART0_Init)
    UART0_RX_TX_IRQHandler                   0x00001ed9   Thumb Code    12  main.o(i.UART0_RX_TX_IRQHandler)
    UART0_putString                          0x00001ee9   Thumb Code    22  drivers.o(i.UART0_putString)
    UART0_send                               0x00001f01   Thumb Code    20  drivers.o(i.UART0_send)
    UART2_Init                               0x00001f19   Thumb Code    78  drivers.o(i.UART2_Init)
    UART2_RX_TX_IRQHandler                   0x00001f75   Thumb Code   268  main.o(i.UART2_RX_TX_IRQHandler)
    UART2_send                               0x00002119   Thumb Code    20  drivers.o(i.UART2_send)
    main                                     0x00002131   Thumb Code   364  main.o(i.main)
    __aeabi_fadd                             0x00002305   Thumb Code     0  faddsub_clz.o(x$fpl$fadd)
    _fadd                                    0x00002305   Thumb Code   196  faddsub_clz.o(x$fpl$fadd)
    __fpl_fcheck_NaN1                        0x000023c9   Thumb Code     6  fcheck1.o(x$fpl$fcheck1)
    __aeabi_fdiv                             0x000023d5   Thumb Code     0  fdiv.o(x$fpl$fdiv)
    _fdiv                                    0x000023d5   Thumb Code   384  fdiv.o(x$fpl$fdiv)
    __aeabi_i2f                              0x00002559   Thumb Code     0  fflt_clz.o(x$fpl$fflt)
    _fflt                                    0x00002559   Thumb Code    48  fflt_clz.o(x$fpl$fflt)
    __aeabi_ui2f                             0x00002589   Thumb Code     0  fflt_clz.o(x$fpl$ffltu)
    _ffltu                                   0x00002589   Thumb Code    38  fflt_clz.o(x$fpl$ffltu)
    __aeabi_fmul                             0x000025b1   Thumb Code     0  fmul.o(x$fpl$fmul)
    _fmul                                    0x000025b1   Thumb Code   258  fmul.o(x$fpl$fmul)
    __fpl_fnaninf                            0x000026b3   Thumb Code   140  fnaninf.o(x$fpl$fnaninf)
    __fpl_fretinf                            0x0000273f   Thumb Code    10  fretinf.o(x$fpl$fretinf)
    __aeabi_fsub                             0x00002749   Thumb Code     0  faddsub_clz.o(x$fpl$fsub)
    _fsub                                    0x00002749   Thumb Code   234  faddsub_clz.o(x$fpl$fsub)
    __aeabi_f2lz                             0x00002835   Thumb Code     0  ffixll.o(x$fpl$llsfromf)
    _ll_sfrom_f                              0x00002835   Thumb Code   134  ffixll.o(x$fpl$llsfromf)
    __fpl_return_NaN                         0x000028bb   Thumb Code   100  retnan.o(x$fpl$retnan)
    __ARM_scalbnf                            0x0000291f   Thumb Code    76  scalbnf.o(x$fpl$scalbnf)
    __fpl_cmpreturn                          0x0000296b   Thumb Code    48  trapv.o(x$fpl$trapveneer)
    __I$use$fp                               0x0000299a   Number         0  usenofp.o(x$fpl$usenofp)
    Region$$Table$$Base                      0x000029b4   Number         0  anon$$obj.o(Region$$Table)
    Region$$Table$$Limit                     0x000029d4   Number         0  anon$$obj.o(Region$$Table)
    i                                        0x20000000   Data           4  main.o(.data)
    COCO                                     0x20000004   Data           1  main.o(.data)
    count                                    0x20000008   Data           4  main.o(.data)
    status_state                             0x2000000c   Data           1  main.o(.data)
    speech                                   0x2000000d   Data           1  main.o(.data)
    E1_Voltage                               0x20000010   Data           4  main.o(.data)
    E2_Voltage                               0x20000014   Data           4  main.o(.data)
    mean                                     0x20000018   Data           4  main.o(.data)
    mean1                                    0x2000001c   Data           4  main.o(.data)
    mean2                                    0x20000020   Data           4  main.o(.data)
    mean33                                   0x20000024   Data           4  main.o(.data)
    mean3                                    0x20000028   Data           4  main.o(.data)
    h                                        0x2000002c   Data         116  main.o(.data)
    H                                        0x200000a0   Data         116  main.o(.data)
    SystemCoreClock                          0x20000114   Data           4  system_mk20d7.o(.data)
    ulValue                                  0x20000118   Data          12  main.o(.bss)
    samples1                                 0x20000124   Data         400  main.o(.bss)
    samples2                                 0x200002b4   Data         400  main.o(.bss)
    abs_samples1                             0x20000444   Data         400  main.o(.bss)
    abs_samples2                             0x200005d4   Data         400  main.o(.bss)
    fir_samples1                             0x20000764   Data         400  main.o(.bss)
    fir_samples2                             0x200008f4   Data         400  main.o(.bss)
    ones                                     0x20000a84   Data         400  main.o(.bss)
    samples3                                 0x20000c14   Data         400  main.o(.bss)
    abs_samples3                             0x20000da4   Data         400  main.o(.bss)
    fir_samples3                             0x20000f34   Data         400  main.o(.bss)
    fir_samples33                            0x200010c4   Data         400  main.o(.bss)
    S                                        0x20001654   Data          12  main.o(.bss)
    SS                                       0x20001660   Data          12  main.o(.bss)
    __libspace_start                         0x2000166c   Data          96  libspace.o(.bss)
    __temporary_stack_top$libspace           0x200016cc   Data           0  libspace.o(.bss)



==============================================================================

Memory Map of the image

  Image Entry point : 0x00000411

  Load Region LR_IROM1 (Base: 0x00000000, Size: 0x00002aec, Max: 0x00040000, ABSOLUTE)

    Execution Region ER_IROM1 (Base: 0x00000000, Size: 0x000029d4, Max: 0x00040000, ABSOLUTE)

    Base Addr    Size         Type   Attr      Idx    E Section Name        Object

    0x00000000   0x00000400   Data   RO          255    RESET               startup_mk20d7.o
    0x00000400   0x00000010   Code   RO          256    .ARM.__at_0x400     startup_mk20d7.o
    0x00000410   0x00000008   Code   RO          603  * !!!main             c_w.l(__main.o)
    0x00000418   0x00000034   Code   RO          807    !!!scatter          c_w.l(__scatter.o)
    0x0000044c   0x0000001a   Code   RO          809    !!handler_copy      c_w.l(__scatter_copy.o)
    0x00000466   0x00000002   PAD
    0x00000468   0x0000001c   Code   RO          811    !!handler_zi        c_w.l(__scatter_zi.o)
    0x00000484   0x00000002   Code   RO          671    .ARM.Collect$$libinit$$00000000  c_w.l(libinit.o)
    0x00000486   0x00000000   Code   RO          684    .ARM.Collect$$libinit$$00000002  c_w.l(libinit2.o)
    0x00000486   0x00000000   Code   RO          686    .ARM.Collect$$libinit$$00000004  c_w.l(libinit2.o)
    0x00000486   0x00000000   Code   RO          689    .ARM.Collect$$libinit$$0000000A  c_w.l(libinit2.o)
    0x00000486   0x00000000   Code   RO          691    .ARM.Collect$$libinit$$0000000C  c_w.l(libinit2.o)
    0x00000486   0x00000000   Code   RO          693    .ARM.Collect$$libinit$$0000000E  c_w.l(libinit2.o)
    0x00000486   0x00000000   Code   RO          696    .ARM.Collect$$libinit$$00000011  c_w.l(libinit2.o)
    0x00000486   0x00000000   Code   RO          698    .ARM.Collect$$libinit$$00000013  c_w.l(libinit2.o)
    0x00000486   0x00000000   Code   RO          700    .ARM.Collect$$libinit$$00000015  c_w.l(libinit2.o)
    0x00000486   0x00000000   Code   RO          702    .ARM.Collect$$libinit$$00000017  c_w.l(libinit2.o)
    0x00000486   0x00000000   Code   RO          704    .ARM.Collect$$libinit$$00000019  c_w.l(libinit2.o)
    0x00000486   0x00000000   Code   RO          706    .ARM.Collect$$libinit$$0000001B  c_w.l(libinit2.o)
    0x00000486   0x00000000   Code   RO          708    .ARM.Collect$$libinit$$0000001D  c_w.l(libinit2.o)
    0x00000486   0x00000000   Code   RO          710    .ARM.Collect$$libinit$$0000001F  c_w.l(libinit2.o)
    0x00000486   0x00000000   Code   RO          712    .ARM.Collect$$libinit$$00000021  c_w.l(libinit2.o)
    0x00000486   0x00000000   Code   RO          714    .ARM.Collect$$libinit$$00000023  c_w.l(libinit2.o)
    0x00000486   0x00000000   Code   RO          716    .ARM.Collect$$libinit$$00000025  c_w.l(libinit2.o)
    0x00000486   0x00000000   Code   RO          720    .ARM.Collect$$libinit$$0000002C  c_w.l(libinit2.o)
    0x00000486   0x00000000   Code   RO          722    .ARM.Collect$$libinit$$0000002E  c_w.l(libinit2.o)
    0x00000486   0x00000000   Code   RO          724    .ARM.Collect$$libinit$$00000030  c_w.l(libinit2.o)
    0x00000486   0x00000000   Code   RO          726    .ARM.Collect$$libinit$$00000032  c_w.l(libinit2.o)
    0x00000486   0x00000002   Code   RO          727    .ARM.Collect$$libinit$$00000033  c_w.l(libinit2.o)
    0x00000488   0x00000002   Code   RO          757    .ARM.Collect$$libshutdown$$00000000  c_w.l(libshutdown.o)
    0x0000048a   0x00000000   Code   RO          774    .ARM.Collect$$libshutdown$$00000002  c_w.l(libshutdown2.o)
    0x0000048a   0x00000000   Code   RO          776    .ARM.Collect$$libshutdown$$00000004  c_w.l(libshutdown2.o)
    0x0000048a   0x00000000   Code   RO          779    .ARM.Collect$$libshutdown$$00000007  c_w.l(libshutdown2.o)
    0x0000048a   0x00000000   Code   RO          782    .ARM.Collect$$libshutdown$$0000000A  c_w.l(libshutdown2.o)
    0x0000048a   0x00000000   Code   RO          784    .ARM.Collect$$libshutdown$$0000000C  c_w.l(libshutdown2.o)
    0x0000048a   0x00000000   Code   RO          787    .ARM.Collect$$libshutdown$$0000000F  c_w.l(libshutdown2.o)
    0x0000048a   0x00000002   Code   RO          788    .ARM.Collect$$libshutdown$$00000010  c_w.l(libshutdown2.o)
    0x0000048c   0x00000000   Code   RO          629    .ARM.Collect$$rtentry$$00000000  c_w.l(__rtentry.o)
    0x0000048c   0x00000000   Code   RO          640    .ARM.Collect$$rtentry$$00000002  c_w.l(__rtentry2.o)
    0x0000048c   0x00000006   Code   RO          652    .ARM.Collect$$rtentry$$00000004  c_w.l(__rtentry4.o)
    0x00000492   0x00000000   Code   RO          642    .ARM.Collect$$rtentry$$00000009  c_w.l(__rtentry2.o)
    0x00000492   0x00000004   Code   RO          643    .ARM.Collect$$rtentry$$0000000A  c_w.l(__rtentry2.o)
    0x00000496   0x00000000   Code   RO          645    .ARM.Collect$$rtentry$$0000000C  c_w.l(__rtentry2.o)
    0x00000496   0x00000008   Code   RO          646    .ARM.Collect$$rtentry$$0000000D  c_w.l(__rtentry2.o)
    0x0000049e   0x00000002   Code   RO          677    .ARM.Collect$$rtexit$$00000000  c_w.l(rtexit.o)
    0x000004a0   0x00000000   Code   RO          729    .ARM.Collect$$rtexit$$00000002  c_w.l(rtexit2.o)
    0x000004a0   0x00000004   Code   RO          730    .ARM.Collect$$rtexit$$00000003  c_w.l(rtexit2.o)
    0x000004a4   0x00000006   Code   RO          731    .ARM.Collect$$rtexit$$00000004  c_w.l(rtexit2.o)
    0x000004aa   0x00000002   PAD
    0x000004ac   0x0000003c   Code   RO          257    .text               startup_mk20d7.o
    0x000004e8   0x00000096   Code   RO          306    .text               arm_cortexM4l_math.lib(arm_abs_f32.o)
    0x0000057e   0x00000002   PAD
    0x00000580   0x000000e8   Code   RO          358    .text               arm_cortexM4l_math.lib(arm_abs_q31.o)
    0x00000668   0x000008e2   Code   RO          382    .text               arm_cortexM4l_math.lib(arm_fir_f32.o)
    0x00000f4a   0x0000001c   Code   RO          406    .text               arm_cortexM4l_math.lib(arm_fir_init_f32.o)
    0x00000f66   0x0000001c   Code   RO          430    .text               arm_cortexM4l_math.lib(arm_fir_init_q31.o)
    0x00000f82   0x00000002   PAD
    0x00000f84   0x00000318   Code   RO          454    .text               arm_cortexM4l_math.lib(arm_fir_q31.o)
    0x0000129c   0x000000a8   Code   RO          478    .text               arm_cortexM4l_math.lib(arm_mean_f32.o)
    0x00001344   0x000000c6   Code   RO          502    .text               arm_cortexM4l_math.lib(arm_mean_q31.o)
    0x0000140a   0x00000002   PAD
    0x0000140c   0x00000088   Code   RO          526    .text               arm_cortexM4l_math.lib(arm_fill_f32.o)
    0x00001494   0x00000154   Code   RO          550    .text               arm_cortexM4l_math.lib(arm_float_to_q31.o)
    0x000015e8   0x00000188   Code   RO          574    .text               arm_cortexM4l_math.lib(arm_q31_to_float.o)
    0x00001770   0x00000048   Code   RO          597    .text               c_w.l(llsdiv.o)
    0x000017b8   0x0000004e   Code   RO          599    .text               c_w.l(rt_memclr_w.o)
    0x00001806   0x00000006   Code   RO          601    .text               c_w.l(heapauxi.o)
    0x0000180c   0x000000ee   Code   RO          630    .text               c_w.l(lludivv7m.o)
    0x000018fa   0x0000004a   Code   RO          660    .text               c_w.l(sys_stackheap_outer.o)
    0x00001944   0x00000012   Code   RO          664    .text               c_w.l(exit.o)
    0x00001956   0x00000002   PAD
    0x00001958   0x00000008   Code   RO          674    .text               c_w.l(libspace.o)
    0x00001960   0x0000000c   Code   RO          745    .text               c_w.l(sys_exit.o)
    0x0000196c   0x00000002   Code   RO          762    .text               c_w.l(use_no_semi.o)
    0x0000196e   0x00000000   Code   RO          764    .text               c_w.l(indicate_semi.o)
    0x0000196e   0x00000002   PAD
    0x00001970   0x00000034   Code   RO          104    i.ADC0_Init         drivers.o
    0x000019a4   0x0000002c   Code   RO          105    i.ADC0_Read         drivers.o
    0x000019d0   0x0000001c   Code   RO          223    i.EasyVR_Init       easyvr.o
    0x000019ec   0x0000000a   Code   RO          224    i.EasyVR_Read       easyvr.o
    0x000019f6   0x0000000a   Code   RO          225    i.EasyVR_Speech     easyvr.o
    0x00001a00   0x00000010   Code   RO          226    i.EasyVR_Start      easyvr.o
    0x00001a10   0x00000064   Code   RO          106    i.FTM0_Init         drivers.o
    0x00001a74   0x00000054   Code   RO          107    i.FTM1_Init         drivers.o
    0x00001ac8   0x00000040   Code   RO          108    i.LED_Init          drivers.o
    0x00001b08   0x00000018   Code   RO          109    i.LED_Off           drivers.o
    0x00001b20   0x00000018   Code   RO          111    i.LED_Toggle        drivers.o
    0x00001b38   0x00000016   Code   RO          112    i.NVIC_EnableIRQ    drivers.o
    0x00001b4e   0x00000002   PAD
    0x00001b50   0x00000064   Code   RO            4    i.PORTC_IRQHandler  main.o
    0x00001bb4   0x00000050   Code   RO          113    i.Switch_Init       drivers.o
    0x00001c04   0x000000f8   Code   RO            5    i.SysTick_Handler   main.o
    0x00001cfc   0x00000180   Code   RO          267    i.SystemInit        system_mk20d7.o
    0x00001e7c   0x0000005c   Code   RO          114    i.UART0_Init        drivers.o
    0x00001ed8   0x00000010   Code   RO            6    i.UART0_RX_TX_IRQHandler  main.o
    0x00001ee8   0x00000016   Code   RO          115    i.UART0_putString   drivers.o
    0x00001efe   0x00000002   PAD
    0x00001f00   0x00000018   Code   RO          116    i.UART0_send        drivers.o
    0x00001f18   0x0000005c   Code   RO          117    i.UART2_Init        drivers.o
    0x00001f74   0x000001a4   Code   RO            7    i.UART2_RX_TX_IRQHandler  main.o
    0x00002118   0x00000018   Code   RO          119    i.UART2_send        drivers.o
    0x00002130   0x000001d4   Code   RO            8    i.main              main.o
    0x00002304   0x000000c4   Code   RO          605    x$fpl$fadd          fz_ws.l(faddsub_clz.o)
    0x000023c8   0x0000000c   Code   RO          632    x$fpl$fcheck1       fz_ws.l(fcheck1.o)
    0x000023d4   0x00000184   Code   RO          612    x$fpl$fdiv          fz_ws.l(fdiv.o)
    0x00002558   0x00000030   Code   RO          620    x$fpl$fflt          fz_ws.l(fflt_clz.o)
    0x00002588   0x00000026   Code   RO          619    x$fpl$ffltu         fz_ws.l(fflt_clz.o)
    0x000025ae   0x00000002   PAD
    0x000025b0   0x00000102   Code   RO          625    x$fpl$fmul          fz_ws.l(fmul.o)
    0x000026b2   0x0000008c   Code   RO          634    x$fpl$fnaninf       fz_ws.l(fnaninf.o)
    0x0000273e   0x0000000a   Code   RO          636    x$fpl$fretinf       fz_ws.l(fretinf.o)
    0x00002748   0x000000ea   Code   RO          607    x$fpl$fsub          fz_ws.l(faddsub_clz.o)
    0x00002832   0x00000002   PAD
    0x00002834   0x00000086   Code   RO          615    x$fpl$llsfromf      fz_ws.l(ffixll.o)
    0x000028ba   0x00000064   Code   RO          658    x$fpl$retnan        fz_ws.l(retnan.o)
    0x0000291e   0x0000004c   Code   RO          627    x$fpl$scalbnf       fz_ws.l(scalbnf.o)
    0x0000296a   0x00000030   Code   RO          672    x$fpl$trapveneer    fz_ws.l(trapv.o)
    0x0000299a   0x00000000   Code   RO          638    x$fpl$usenofp       fz_ws.l(usenofp.o)
    0x0000299a   0x00000017   Data   RO          120    .constdata          drivers.o
    0x000029b1   0x00000003   PAD
    0x000029b4   0x00000020   Data   RO          805    Region$$Table       anon$$obj.o


    Execution Region RW_IRAM1 (Base: 0x20000000, Size: 0x00001ad0, Max: 0x00008000, ABSOLUTE)

    Base Addr    Size         Type   Attr      Idx    E Section Name        Object

    0x20000000   0x00000114   Data   RW           10    .data               main.o
    0x20000114   0x00000004   Data   RW          268    .data               system_mk20d7.o
    0x20000118   0x00001554   Zero   RW            9    .bss                main.o
    0x2000166c   0x00000060   Zero   RW          675    .bss                c_w.l(libspace.o)
    0x200016cc   0x00000004   PAD
    0x200016d0   0x00000000   Zero   RW          254    HEAP                startup_mk20d7.o
    0x200016d0   0x00000400   Zero   RW          253    STACK               startup_mk20d7.o


==============================================================================

Image component sizes


      Code (inc. data)   RO Data    RW Data    ZI Data      Debug   Object Name

       748        124         23          0          0      28833   drivers.o
        64          0          0          0          0       1635   easyvr.o
      1252        346          0        276       5460     236841   main.o
        76         38       1024          0       1024       1008   startup_mk20d7.o
       384         44          0          4          0        847   system_mk20d7.o

    ----------------------------------------------------------------------
      2528        552       1082        280       6484     269164   Object Totals
         0          0         32          0          0          0   (incl. Generated)
         4          0          3          0          0          0   (incl. Padding)

    ----------------------------------------------------------------------

      Code (inc. data)   RO Data    RW Data    ZI Data      Debug   Library Member Name

       150          0          0          0          0      17402   arm_abs_f32.o
       232          0          0          0          0       1146   arm_abs_q31.o
       136          0          0          0          0       1255   arm_fill_f32.o
      2274          0          0          0          0       3362   arm_fir_f32.o
        28          0          0          0          0        983   arm_fir_init_f32.o
        28          0          0          0          0        983   arm_fir_init_q31.o
       792          6          0          0          0       2842   arm_fir_q31.o
       340          0          0          0          0       1135   arm_float_to_q31.o
       168          0          0          0          0        931   arm_mean_f32.o
       198          0          0          0          0       1071   arm_mean_q31.o
       392          0          0          0          0       1147   arm_q31_to_float.o
         8          0          0          0          0         68   __main.o
         0          0          0          0          0          0   __rtentry.o
        12          0          0          0          0          0   __rtentry2.o
         6          0          0          0          0          0   __rtentry4.o
        52          8          0          0          0          0   __scatter.o
        26          0          0          0          0          0   __scatter_copy.o
        28          0          0          0          0          0   __scatter_zi.o
        18          0          0          0          0         80   exit.o
         6          0          0          0          0        152   heapauxi.o
         0          0          0          0          0          0   indicate_semi.o
         2          0          0          0          0          0   libinit.o
         2          0          0          0          0          0   libinit2.o
         2          0          0          0          0          0   libshutdown.o
         2          0          0          0          0          0   libshutdown2.o
         8          4          0          0         96         68   libspace.o
        72          0          0          0          0         76   llsdiv.o
       238          0          0          0          0        100   lludivv7m.o
        78          0          0          0          0         80   rt_memclr_w.o
         2          0          0          0          0          0   rtexit.o
        10          0          0          0          0          0   rtexit2.o
        12          4          0          0          0         68   sys_exit.o
        74          0          0          0          0         80   sys_stackheap_outer.o
         2          0          0          0          0         68   use_no_semi.o
       430          8          0          0          0        168   faddsub_clz.o
        12          4          0          0          0         68   fcheck1.o
       388         76          0          0          0         96   fdiv.o
       134          4          0          0          0         84   ffixll.o
        86          0          0          0          0        136   fflt_clz.o
       258          4          0          0          0         84   fmul.o
       140          4          0          0          0         84   fnaninf.o
        10          0          0          0          0         68   fretinf.o
       100          0          0          0          0         68   retnan.o
        76          0          0          0          0         68   scalbnf.o
        48          0          0          0          0         68   trapv.o
         0          0          0          0          0          0   usenofp.o

    ----------------------------------------------------------------------
      7098        122          0          0        100      34089   Library Totals
        18          0          0          0          4          0   (incl. Padding)

    ----------------------------------------------------------------------

      Code (inc. data)   RO Data    RW Data    ZI Data      Debug   Library Name

      4738          6          0          0          0      32257   arm_cortexM4l_math.lib
       660         16          0          0         96        840   c_w.l
      1682        100          0          0          0        992   fz_ws.l

    ----------------------------------------------------------------------
      7098        122          0          0        100      34089   Library Totals

    ----------------------------------------------------------------------

==============================================================================


      Code (inc. data)   RO Data    RW Data    ZI Data      Debug   

      9626        674       1082        280       6584     300597   Grand Totals
      9626        674       1082        280       6584     300597   ELF Image Totals
      9626        674       1082        280          0          0   ROM Totals

==============================================================================

    Total RO  Size (Code + RO Data)                10708 (  10.46kB)
    Total RW  Size (RW Data + ZI Data)              6864 (   6.70kB)
    Total ROM Size (Code + RO Data + RW Data)      10988 (  10.73kB)

==============================================================================

