<html>
<body>
<pre>
<h1>µVision Build Log</h1>
<h2>Tool Versions:</h2>
IDE-Version: µVision V5.17.0.0
Copyright (C) 2015 ARM Ltd and ARM Germany GmbH. All rights reserved.
License Information: Julio Fajardo, Universidad Galileo, LIC=X1ETK-IIQ2Q-5EGN9-M9GHC-UGX93-RT7MU
 
Tool Versions:
Toolchain:       MDK-ARM Professional  Version: 5.17
Toolchain Path:  C:\Keil_v5\ARM\ARMCC\Bin
C Compiler:      Armcc.exe V5.06 update 1 (build 61)
Assembler:       Armasm.exe V5.06 update 1 (build 61)
Linker/Locator:  ArmLink.exe V5.06 update 1 (build 61)
Library Manager: ArmAr.exe V5.06 update 1 (build 61)
Hex Converter:   FromElf.exe V5.06 update 1 (build 61)
CPU DLL:         SARMCM3.DLL V5.17
Dialog DLL:      DCM.DLL V1.13.4.0
Target DLL:      UL2CM3.DLL V1.156.1.0
Dialog DLL:      TCM.DLL V1.14.6.0
 
<h2>Project:</h2>
D:\TuringLab\GalileoHand\Galileo_Hand\Galileo_Teensy.uvprojx
Project File Date:  02/24/2016

<h2>Output:</h2>
*** Using Compiler 'V5.06 update 1 (build 61)', folder: 'C:\Keil_v5\ARM\ARMCC\Bin'
Rebuild target 'Target 1'
compiling EasyVR.c...
assembling startup_MK20D7.s...
compiling drivers.c...
compiling main.c...
compiling system_MK20D7.c...
linking...
Program Size: Code=9626 RO-data=1082 RW-data=280 ZI-data=6584  
FromELF: creating hex file...
".\Objects\Galileo_Teensy.axf" - 0 Error(s), 0 Warning(s).

<h2>Software Packages used:</h2>

Package Vendor: ARM
                http://www.keil.com/pack/ARM.CMSIS.4.5.0.pack
                ARM::CMSIS:DSP:1.4.6
                CMSIS (Cortex Microcontroller Software Interface Standard)
   * Component: DSP Version: 1.4.6
   * Component: CORE Version: 4.3.0

Package Vendor: Keil
                http://www.keil.com/pack/Keil.Kinetis_K20_DFP.1.3.0.pack
                Keil::Device:Startup:0.0.1
                Freescale Kinetis K20 Series Device Support and Examples
   * Component: Startup Version: 0.0.1

<h2>Collection of Component include folders:</h2>
  D:\TuringLab\GalileoHand\Galileo_Hand\RTE
  D:\TuringLab\GalileoHand\Galileo_Hand\RTE\Device\MK20DX256xxx7
  C:\Keil_v5\ARM\PACK\ARM\CMSIS\4.5.0\CMSIS\Include
  C:\Keil_v5\ARM\PACK\Keil\Kinetis_K20_DFP\1.3.0\Device\Include

<h2>Collection of Component Files used:</h2>

   * Component: ARM::CMSIS:DSP:1.4.6
      Include file:  CMSIS\Include\arm_math.h
      Library file:  CMSIS\Lib\ARM\arm_cortexM4l_math.lib

   * Component: ARM::CMSIS:CORE:4.3.0

   * Component: Keil::Device:Startup:0.0.1
      Source file:   Device\Source\ARM\startup_MK20D7.s
      Source file:   Device\Source\system_MK20D7.c
      Include file:  RTE_Driver\Config\RTE_Device.h
Build Time Elapsed:  00:00:01
</pre>
</body>
</html>
